# 41 tasks x baseline,prism_gstar,prism_gstar_nogrep x local
  local   baseline     jackson-databind__pr6008 t1 resolved=False turns=32 wall=245.7s
  local   prism_gstar  jackson-databind__pr6008 t1 resolved=False turns=55 wall=468.3s
  local   prism_gstar_nogrep jackson-databind__pr6008 t1 resolved=False turns=30 wall=168.8s
  local   baseline     jackson-databind__pr6012 t1 resolved=False turns=12 wall=45.3s
  local   prism_gstar  jackson-databind__pr6012 t1 resolved=False turns=26 wall=111.5s
  local   prism_gstar_nogrep jackson-databind__pr6012 t1 resolved=False turns=31 wall=161.2s
  local   baseline     jackson-databind__pr6018 t1 resolved=False turns=33 wall=195.1s
  local   prism_gstar  jackson-databind__pr6018 t1 resolved=False turns=28 wall=207.8s
  local   prism_gstar_nogrep jackson-databind__pr6018 t1 resolved=False turns=31 wall=178.8s
  local   baseline     jackson-databind__pr6019 t1 resolved=False turns=52 wall=454.5s
  local   prism_gstar  jackson-databind__pr6019 t1 resolved=False turns=36 wall=184.8s
  local   prism_gstar_nogrep jackson-databind__pr6019 t1 resolved=False turns=40 wall=299.5s
  local   baseline     jackson-databind__pr6030 t1 resolved=False turns=37 wall=190.9s
  local   prism_gstar  jackson-databind__pr6030 t1 resolved=False turns=27 wall=183.7s
  local   prism_gstar_nogrep jackson-databind__pr6030 t1 resolved=False turns=53 wall=370.3s
  local   baseline     jackson-databind__pr6035 t1 resolved=False turns=20 wall=96.5s
  local   prism_gstar  jackson-databind__pr6035 t1 resolved=False turns=44 wall=333.2s
  local   prism_gstar_nogrep jackson-databind__pr6035 t1 resolved=False turns=31 wall=153.3s
  local   baseline     jackson-databind__pr6039 t1 resolved=False turns=41 wall=377.9s
  local   prism_gstar  jackson-databind__pr6039 t1 resolved=False turns=57 wall=468.6s
  local   prism_gstar_nogrep jackson-databind__pr6039 t1 resolved=False turns=46 wall=302.8s
  local   baseline     jackson-databind__pr6042 t1 resolved=False turns=29 wall=155.8s
  local   prism_gstar  jackson-databind__pr6042 t1 resolved=False turns=16 wall=60.7s
  local   prism_gstar_nogrep jackson-databind__pr6042 t1 resolved=False turns=24 wall=153.9s
  local   baseline     jackson-databind__pr6044 t1 resolved=False turns=34 wall=329.0s
  local   prism_gstar  jackson-databind__pr6044 t1 resolved=False turns=35 wall=191.7s
  local   prism_gstar_nogrep jackson-databind__pr6044 t1 resolved=False turns=35 wall=115.6s
  local   baseline     jackson-databind__pr6047 t1 resolved=False turns=56 wall=594.5s
  local   prism_gstar  jackson-databind__pr6047 t1 resolved=False turns=38 wall=174.5s
  local   prism_gstar_nogrep jackson-databind__pr6047 t1 resolved=False turns=32 wall=208.8s
  local   baseline     jackson-databind__pr6052 t1 resolved=False turns=13 wall=192.5s
  local   prism_gstar  jackson-databind__pr6052 t1 resolved=False turns=28 wall=188.7s
  local   prism_gstar_nogrep jackson-databind__pr6052 t1 resolved=False turns=13 wall=82.2s
  local   baseline     jackson-databind__pr6056 t1 resolved=False turns=39 wall=264.2s
  local   prism_gstar  jackson-databind__pr6056 t1 resolved=False turns=26 wall=95.1s
  local   prism_gstar_nogrep jackson-databind__pr6056 t1 resolved=False turns=49 wall=283.8s
  local   baseline     jackson-databind__pr6061 t1 resolved=False turns=24 wall=101.0s
  local   prism_gstar  jackson-databind__pr6061 t1 resolved=False turns=33 wall=181.0s
  local   prism_gstar_nogrep jackson-databind__pr6061 t1 resolved=False turns=37 wall=173.7s
  local   baseline     jackson-databind__pr6076 t1 resolved=False turns=40 wall=340.4s
  local   prism_gstar  jackson-databind__pr6076 t1 resolved=False turns=53 wall=603.8s
  local   prism_gstar_nogrep jackson-databind__pr6076 t1 resolved=False turns=24 wall=102.9s
  local   baseline     jackson-databind__pr6099 t1 resolved=False turns=51 wall=400.7s
  local   prism_gstar  jackson-databind__pr6099 t1 resolved=True turns=41 wall=263.9s
  local   prism_gstar_nogrep jackson-databind__pr6099 t1 resolved=False turns=34 wall=212.1s
  local   baseline     jackson-databind__pr6102 t1 resolved=False turns=32 wall=209.6s
  local   prism_gstar  jackson-databind__pr6102 t1 resolved=False turns=45 wall=317.3s
  local   prism_gstar_nogrep jackson-databind__pr6102 t1 resolved=False turns=23 wall=93.6s
  local   baseline     jackson-databind__pr6105 t1 resolved=False turns=25 wall=140.1s
  local   prism_gstar  jackson-databind__pr6105 t1 resolved=False turns=40 wall=308.4s
  local   prism_gstar_nogrep jackson-databind__pr6105 t1 resolved=False turns=27 wall=221.3s
  local   baseline     jackson-databind__pr6113 t1 resolved=False turns=9 wall=65.4s
  local   prism_gstar  jackson-databind__pr6113 t1 resolved=False turns=19 wall=126.8s
  local   prism_gstar_nogrep jackson-databind__pr6113 t1 resolved=False turns=10 wall=96.6s
  local   baseline     mmons-collections__pr700 t1 resolved=False turns=26 wall=248.2s
  local   prism_gstar  mmons-collections__pr700 t1 resolved=False turns=44 wall=337.8s
  local   prism_gstar_nogrep mmons-collections__pr700 t1 resolved=False turns=31 wall=345.6s
