# 12 tasks x prism_only x local
  local   prism_only   Textualize__rich__pr3882 t1 resolved=True turns=19 wall=91.4s
  local   prism_only   Textualize__rich__pr3882 t2 resolved=True turns=12 wall=55.6s
  local   prism_only   pallets__click__pr3434   t1 resolved=False turns=16 wall=182.9s
  [docker_eval] no tests collected; container tail:
    [notice] A new release of pip is available: 25.0.1 -> 26.2
    [notice] To update, run: pip install --upgrade pip
  local   prism_only   pallets__click__pr3434   t2 resolved=False turns=21 wall=180.2s
  local   prism_only   pallets__click__pr3466   t1 resolved=False turns=29 wall=278.9s
  local   prism_only   pallets__click__pr3466   t2 resolved=False turns=33 wall=176.6s
  local   prism_only   pallets__click__pr3471   t1 resolved=False turns=52 wall=361.4s
  local   prism_only   pallets__click__pr3471   t2 resolved=False turns=52 wall=335.1s
  local   prism_only   pallets__click__pr3473   t1 resolved=False turns=49 wall=327.4s
  local   prism_only   pallets__click__pr3473   t2 resolved=False turns=46 wall=441.2s
  local   prism_only   pallets__click__pr3482   t1 resolved=False turns=38 wall=250.3s
  local   prism_only   pallets__click__pr3482   t2 resolved=False turns=25 wall=160.4s
  local   prism_only   pallets__click__pr3493   t1 resolved=True turns=9 wall=51.9s
  local   prism_only   pallets__click__pr3493   t2 resolved=True turns=34 wall=234.4s
  local   prism_only   pallets__click__pr3504   t1 resolved=False turns=26 wall=311.6s
  [docker_eval] no tests collected; container tail:
    rootdir: /w
    configfile: pyproject.toml
    plugins: timeout-2.4.0
    timeout: 90.0s
    timeout method: signal
    timeout func_only: False
    collecting ... collected 0 items / 1 error
    
    =========================== short test summary info ============================
    ERROR tests/test_shell_completion.py
    !!!!!!!!!!!!!!!!!!!! Interrupted: 1 error during collection !!!!!!!!!!!!!!!!!!!!
    =============================== 1 error in 0.10s ===============================
  local   prism_only   pallets__click__pr3504   t2 resolved=False turns=60 wall=953.7s
  (cached) pallets__click__pr3534.local.prism_only.json
  local   prism_only   pallets__click__pr3534   t2 resolved=False turns=14 wall=126.9s
  local   prism_only   pallets__click__pr3653   t1 resolved=False turns=38 wall=236.6s
  local   prism_only   pallets__click__pr3653   t2 resolved=False turns=37 wall=478.0s
  local   prism_only   pallets__click__pr3678   t1 resolved=False turns=18 wall=76.1s
  local   prism_only   pallets__click__pr3678   t2 resolved=False turns=11 wall=53.4s
  local   prism_only   psf__requests__pr7315    t1 resolved=False turns=17 wall=119.4s
  local   prism_only   psf__requests__pr7315    t2 resolved=False turns=14 wall=102.0s
# done
