# 12 tasks x baseline,prism_gstar,prism_gstar_nogrep x local
  local   baseline     Textualize__rich__pr3882 t1 resolved=True turns=30 wall=165.2s
  local   baseline     Textualize__rich__pr3882 t2 resolved=True turns=35 wall=159.5s
  local   prism_gstar  Textualize__rich__pr3882 t1 resolved=False turns=49 wall=263.2s
  local   prism_gstar  Textualize__rich__pr3882 t2 resolved=True turns=30 wall=173.7s
  local   prism_gstar_nogrep Textualize__rich__pr3882 t1 resolved=False turns=26 wall=146.1s
  local   prism_gstar_nogrep Textualize__rich__pr3882 t2 resolved=False turns=40 wall=279.1s
  (cached) pallets__click__pr3434.local.baseline.json
  local   baseline     pallets__click__pr3434   t2 resolved=False turns=18 wall=99.6s
  local   prism_gstar  pallets__click__pr3434   t1 resolved=False turns=25 wall=268.2s
  [docker_eval] no tests collected; container tail:
    [notice] A new release of pip is available: 25.0.1 -> 26.2
    [notice] To update, run: pip install --upgrade pip
  local   prism_gstar  pallets__click__pr3434   t2 resolved=False turns=18 wall=138.8s
  [docker_eval] no tests collected; container tail:
    [notice] A new release of pip is available: 25.0.1 -> 26.2
    [notice] To update, run: pip install --upgrade pip
  local   prism_gstar_nogrep pallets__click__pr3434   t1 resolved=False turns=23 wall=114.7s
  local   prism_gstar_nogrep pallets__click__pr3434   t2 resolved=False turns=26 wall=244.6s
  local   baseline     pallets__click__pr3466   t1 resolved=False turns=20 wall=187.1s
  local   baseline     pallets__click__pr3466   t2 resolved=False turns=19 wall=208.6s
  local   prism_gstar  pallets__click__pr3466   t1 resolved=False turns=31 wall=265.7s
  local   prism_gstar  pallets__click__pr3466   t2 resolved=False turns=23 wall=178.4s
  local   prism_gstar_nogrep pallets__click__pr3466   t1 resolved=False turns=33 wall=279.2s
  local   prism_gstar_nogrep pallets__click__pr3466   t2 resolved=False turns=28 wall=176.0s
  [docker_eval] no tests collected; container tail:
    [notice] A new release of pip is available: 25.0.1 -> 26.2
    [notice] To update, run: pip install --upgrade pip
  local   baseline     pallets__click__pr3471   t1 resolved=False turns=59 wall=417.7s
  local   baseline     pallets__click__pr3471   t2 resolved=False turns=33 wall=246.5s
  local   prism_gstar  pallets__click__pr3471   t1 resolved=False turns=48 wall=299.5s
  local   prism_gstar  pallets__click__pr3471   t2 resolved=False turns=43 wall=238.7s
  local   prism_gstar_nogrep pallets__click__pr3471   t1 resolved=False turns=41 wall=185.8s
  local   prism_gstar_nogrep pallets__click__pr3471   t2 resolved=False turns=47 wall=257.4s
  local   baseline     pallets__click__pr3473   t1 resolved=False turns=58 wall=464.4s
  local   baseline     pallets__click__pr3473   t2 resolved=False turns=51 wall=325.8s
  local   prism_gstar  pallets__click__pr3473   t1 resolved=False turns=75 wall=461.6s
  local   prism_gstar  pallets__click__pr3473   t2 resolved=False turns=39 wall=181.4s
  local   prism_gstar_nogrep pallets__click__pr3473   t1 resolved=False turns=53 wall=331.3s
  local   prism_gstar_nogrep pallets__click__pr3473   t2 resolved=False turns=43 wall=270.0s
  local   baseline     pallets__click__pr3482   t1 resolved=False turns=41 wall=322.8s
  local   baseline     pallets__click__pr3482   t2 resolved=False turns=56 wall=468.2s
  local   prism_gstar  pallets__click__pr3482   t1 resolved=False turns=28 wall=149.7s
  local   prism_gstar  pallets__click__pr3482   t2 resolved=False turns=46 wall=330.9s
  local   prism_gstar_nogrep pallets__click__pr3482   t1 resolved=False turns=46 wall=372.3s
  local   prism_gstar_nogrep pallets__click__pr3482   t2 resolved=False turns=31 wall=220.4s
  local   baseline     pallets__click__pr3493   t1 resolved=True turns=31 wall=151.6s
  local   baseline     pallets__click__pr3493   t2 resolved=True turns=24 wall=111.9s
  local   prism_gstar  pallets__click__pr3493   t1 resolved=True turns=24 wall=135.1s
  local   prism_gstar  pallets__click__pr3493   t2 resolved=True turns=34 wall=189.9s
  local   prism_gstar_nogrep pallets__click__pr3493   t1 resolved=True turns=29 wall=183.2s
  local   prism_gstar_nogrep pallets__click__pr3493   t2 resolved=True turns=22 wall=104.6s
  local   baseline     pallets__click__pr3504   t1 resolved=False turns=67 wall=846.1s
  local   baseline     pallets__click__pr3504   t2 resolved=False turns=46 wall=498.3s
  local   prism_gstar  pallets__click__pr3504   t1 resolved=False turns=59 wall=541.3s
  local   prism_gstar  pallets__click__pr3504   t2 resolved=False turns=55 wall=417.2s
  local   prism_gstar_nogrep pallets__click__pr3504   t1 resolved=False turns=17 wall=264.1s
  local   prism_gstar_nogrep pallets__click__pr3504   t2 resolved=False turns=22 wall=179.6s
  local   baseline     pallets__click__pr3534   t1 resolved=False turns=48 wall=402.2s
  local   baseline     pallets__click__pr3534   t2 resolved=False turns=32 wall=247.8s
  local   prism_gstar  pallets__click__pr3534   t1 resolved=False turns=39 wall=224.3s
  local   prism_gstar  pallets__click__pr3534   t2 resolved=False turns=41 wall=280.3s
  local   prism_gstar_nogrep pallets__click__pr3534   t1 resolved=True turns=22 wall=138.5s
  local   prism_gstar_nogrep pallets__click__pr3534   t2 resolved=True turns=18 wall=111.4s
  local   baseline     pallets__click__pr3653   t1 resolved=False turns=50 wall=487.2s
  local   baseline     pallets__click__pr3653   t2 resolved=False turns=40 wall=430.9s
  local   prism_gstar  pallets__click__pr3653   t1 resolved=False turns=44 wall=319.8s
  local   prism_gstar  pallets__click__pr3653   t2 resolved=False turns=36 wall=257.0s
  local   prism_gstar_nogrep pallets__click__pr3653   t1 resolved=False turns=28 wall=145.6s
  local   prism_gstar_nogrep pallets__click__pr3653   t2 resolved=False turns=48 wall=280.4s
  local   baseline     pallets__click__pr3678   t1 resolved=False turns=47 wall=509.0s
  local   baseline     pallets__click__pr3678   t2 resolved=False turns=35 wall=234.9s
  local   prism_gstar  pallets__click__pr3678   t1 resolved=False turns=61 wall=494.5s
  local   prism_gstar  pallets__click__pr3678   t2 resolved=False turns=53 wall=321.3s
  local   prism_gstar_nogrep pallets__click__pr3678   t1 resolved=False turns=10 wall=56.3s
  local   prism_gstar_nogrep pallets__click__pr3678   t2 resolved=False turns=44 wall=245.1s
  local   baseline     psf__requests__pr7315    t1 resolved=False turns=25 wall=186.6s
  local   baseline     psf__requests__pr7315    t2 resolved=False turns=31 wall=288.3s
  local   prism_gstar  psf__requests__pr7315    t1 resolved=False turns=32 wall=304.4s
  local   prism_gstar  psf__requests__pr7315    t2 resolved=False turns=22 wall=148.2s
  local   prism_gstar_nogrep psf__requests__pr7315    t1 resolved=False turns=9 wall=34.8s
  local   prism_gstar_nogrep psf__requests__pr7315    t2 resolved=False turns=19 wall=95.1s
# done
