FasterXML__jackson-databind__pr6012|native old=True new=True
FasterXML__jackson-databind__pr6012|prism old=True new=True
apache__commons-lang__pr1631|native old=True new=True
apache__commons-lang__pr1631|prism old=True new=True
FasterXML__jackson-databind__pr6030|native old=False new=False
FasterXML__jackson-databind__pr6030|prism old=False new=False
FasterXML__jackson-databind__pr6102|native old=True new=True
FasterXML__jackson-databind__pr6102|prism old=True new=True
FasterXML__jackson-databind__pr6052|native old=False new=False
FasterXML__jackson-databind__pr6052|prism old=False new=False
FasterXML__jackson-databind__pr6105|native old=True new=True
FasterXML__jackson-databind__pr6105|prism old=True new=True
FasterXML__jackson-databind__pr6056|native old=True new=True
FasterXML__jackson-databind__pr6056|prism old=True new=True
apache__commons-lang__pr1670|native old=True new=True
apache__commons-lang__pr1670|prism old=True new=True
FasterXML__jackson-databind__pr6039|native old=False new=False
FasterXML__jackson-databind__pr6039|prism old=True new=True
apache__commons-lang__pr1699|native old=True new=True
apache__commons-lang__pr1699|prism old=True new=True
FasterXML__jackson-databind__pr6042|native old=True new=True
FasterXML__jackson-databind__pr6042|prism old=True new=True
FasterXML__jackson-databind__pr6047|native old=True new=True
FasterXML__jackson-databind__pr6047|prism old=True new=True
apache__commons-lang__pr1720|native old=False new=False
apache__commons-lang__pr1720|prism old=True new=True
apache__commons-lang__pr1713|native old=True new=True
apache__commons-lang__pr1713|prism old=True new=True
FasterXML__jackson-databind__pr6019|native old=True new=True
FasterXML__jackson-databind__pr6019|prism old=True new=True
FasterXML__jackson-databind__pr6099|native old=True new=True
FasterXML__jackson-databind__pr6099|prism old=True new=True
apache__commons-lang__pr1733|native old=True new=True
apache__commons-lang__pr1733|prism old=True new=True
apache__commons-lang__pr1703|native old=False new=False
apache__commons-lang__pr1703|prism old=True new=True
FasterXML__jackson-databind__pr6061|native old=False new=False
FasterXML__jackson-databind__pr6061|prism old=False new=False
apache__commons-lang__pr1591|native old=True new=True
apache__commons-lang__pr1591|prism old=True new=True
apache__commons-lang__pr1655|native old=False new=False
apache__commons-lang__pr1655|prism old=False new=False
apache__commons-lang__pr1709|native old=True new=True
apache__commons-lang__pr1709|prism old=True new=True
FasterXML__jackson-databind__pr6044|native old=False new=False
FasterXML__jackson-databind__pr6044|prism old=False new=False
apache__commons-lang__pr1750|native old=True new=True
apache__commons-lang__pr1750|prism old=True new=True
FasterXML__jackson-databind__pr6018|native old=False new=False
FasterXML__jackson-databind__pr6018|prism old=False new=False
FasterXML__jackson-databind__pr6008|native old=True new=True
FasterXML__jackson-databind__pr6008|prism old=True new=True
FasterXML__jackson-databind__pr6076|native old=False new=False
FasterXML__jackson-databind__pr6076|prism old=False new=False
RESCORE DONE
