=== START Sun Sep 27 20:47:26 EDT 2026 ===
/opt/homebrew/Cellar/python@3.14/3.14.7/Frameworks/Python.framework/Versions/3.14/Resources/Python.app/Contents/MacOS/Python: can't open file '/Users/tapabratapal/Projects/provasign/research/harness/run_e2e.py': [Errno 2] No such file or directory
=== RESUME pass 1 Sun Sep 27 20:47:27 EDT 2026 ===
/opt/homebrew/Cellar/python@3.14/3.14.7/Frameworks/Python.framework/Versions/3.14/Resources/Python.app/Contents/MacOS/Python: can't open file '/Users/tapabratapal/Projects/provasign/research/harness/run_e2e.py': [Errno 2] No such file or directory
=== RESUME pass 2 Sun Sep 27 20:47:32 EDT 2026 ===
/opt/homebrew/Cellar/python@3.14/3.14.7/Frameworks/Python.framework/Versions/3.14/Resources/Python.app/Contents/MacOS/Python: can't open file '/Users/tapabratapal/Projects/provasign/research/harness/run_e2e.py': [Errno 2] No such file or directory
=== RESUME pass 3 Sun Sep 27 20:47:37 EDT 2026 ===
/opt/homebrew/Cellar/python@3.14/3.14.7/Frameworks/Python.framework/Versions/3.14/Resources/Python.app/Contents/MacOS/Python: can't open file '/Users/tapabratapal/Projects/provasign/research/harness/run_e2e.py': [Errno 2] No such file or directory
=== RESUME pass 4 Sun Sep 27 20:47:42 EDT 2026 ===
/opt/homebrew/Cellar/python@3.14/3.14.7/Frameworks/Python.framework/Versions/3.14/Resources/Python.app/Contents/MacOS/Python: can't open file '/Users/tapabratapal/Projects/provasign/research/harness/run_e2e.py': [Errno 2] No such file or directory
=== RESUME pass 5 Sun Sep 27 20:47:48 EDT 2026 ===
/opt/homebrew/Cellar/python@3.14/3.14.7/Frameworks/Python.framework/Versions/3.14/Resources/Python.app/Contents/MacOS/Python: can't open file '/Users/tapabratapal/Projects/provasign/research/harness/run_e2e.py': [Errno 2] No such file or directory
=== RESUME pass 6 Sun Sep 27 20:47:53 EDT 2026 ===
/opt/homebrew/Cellar/python@3.14/3.14.7/Frameworks/Python.framework/Versions/3.14/Resources/Python.app/Contents/MacOS/Python: can't open file '/Users/tapabratapal/Projects/provasign/research/harness/run_e2e.py': [Errno 2] No such file or directory
=== RESUME pass 7 Sun Sep 27 20:47:58 EDT 2026 ===
/opt/homebrew/Cellar/python@3.14/3.14.7/Frameworks/Python.framework/Versions/3.14/Resources/Python.app/Contents/MacOS/Python: can't open file '/Users/tapabratapal/Projects/provasign/research/harness/run_e2e.py': [Errno 2] No such file or directory
=== RESUME pass 8 Sun Sep 27 20:48:03 EDT 2026 ===
/opt/homebrew/Cellar/python@3.14/3.14.7/Frameworks/Python.framework/Versions/3.14/Resources/Python.app/Contents/MacOS/Python: can't open file '/Users/tapabratapal/Projects/provasign/research/harness/run_e2e.py': [Errno 2] No such file or directory
=== RESUME pass 9 Sun Sep 27 20:48:08 EDT 2026 ===
/opt/homebrew/Cellar/python@3.14/3.14.7/Frameworks/Python.framework/Versions/3.14/Resources/Python.app/Contents/MacOS/Python: can't open file '/Users/tapabratapal/Projects/provasign/research/harness/run_e2e.py': [Errno 2] No such file or directory
=== RESUME pass 10 Sun Sep 27 20:48:13 EDT 2026 ===
/opt/homebrew/Cellar/python@3.14/3.14.7/Frameworks/Python.framework/Versions/3.14/Resources/Python.app/Contents/MacOS/Python: can't open file '/Users/tapabratapal/Projects/provasign/research/harness/run_e2e.py': [Errno 2] No such file or directory
=== RESUME pass 11 Sun Sep 27 20:48:18 EDT 2026 ===
/opt/homebrew/Cellar/python@3.14/3.14.7/Frameworks/Python.framework/Versions/3.14/Resources/Python.app/Contents/MacOS/Python: can't open file '/Users/tapabratapal/Projects/provasign/research/harness/run_e2e.py': [Errno 2] No such file or directory
=== RESUME pass 12 Sun Sep 27 20:48:23 EDT 2026 ===
/opt/homebrew/Cellar/python@3.14/3.14.7/Frameworks/Python.framework/Versions/3.14/Resources/Python.app/Contents/MacOS/Python: can't open file '/Users/tapabratapal/Projects/provasign/research/harness/run_e2e.py': [Errno 2] No such file or directory
=== RESUME pass 13 Sun Sep 27 20:48:28 EDT 2026 ===
/opt/homebrew/Cellar/python@3.14/3.14.7/Frameworks/Python.framework/Versions/3.14/Resources/Python.app/Contents/MacOS/Python: can't open file '/Users/tapabratapal/Projects/provasign/research/harness/run_e2e.py': [Errno 2] No such file or directory
=== RESUME pass 14 Sun Sep 27 20:48:33 EDT 2026 ===
/opt/homebrew/Cellar/python@3.14/3.14.7/Frameworks/Python.framework/Versions/3.14/Resources/Python.app/Contents/MacOS/Python: can't open file '/Users/tapabratapal/Projects/provasign/research/harness/run_e2e.py': [Errno 2] No such file or directory
=== RESUME pass 15 Sun Sep 27 20:48:39 EDT 2026 ===
/opt/homebrew/Cellar/python@3.14/3.14.7/Frameworks/Python.framework/Versions/3.14/Resources/Python.app/Contents/MacOS/Python: can't open file '/Users/tapabratapal/Projects/provasign/research/harness/run_e2e.py': [Errno 2] No such file or directory
=== RESUME pass 16 Sun Sep 27 20:48:44 EDT 2026 ===
/opt/homebrew/Cellar/python@3.14/3.14.7/Frameworks/Python.framework/Versions/3.14/Resources/Python.app/Contents/MacOS/Python: can't open file '/Users/tapabratapal/Projects/provasign/research/harness/run_e2e.py': [Errno 2] No such file or directory
=== RESUME pass 17 Sun Sep 27 20:48:49 EDT 2026 ===
/opt/homebrew/Cellar/python@3.14/3.14.7/Frameworks/Python.framework/Versions/3.14/Resources/Python.app/Contents/MacOS/Python: can't open file '/Users/tapabratapal/Projects/provasign/research/harness/run_e2e.py': [Errno 2] No such file or directory
=== RESUME pass 18 Sun Sep 27 20:48:54 EDT 2026 ===
/opt/homebrew/Cellar/python@3.14/3.14.7/Frameworks/Python.framework/Versions/3.14/Resources/Python.app/Contents/MacOS/Python: can't open file '/Users/tapabratapal/Projects/provasign/research/harness/run_e2e.py': [Errno 2] No such file or directory
=== RESUME pass 19 Sun Sep 27 20:48:59 EDT 2026 ===
/opt/homebrew/Cellar/python@3.14/3.14.7/Frameworks/Python.framework/Versions/3.14/Resources/Python.app/Contents/MacOS/Python: can't open file '/Users/tapabratapal/Projects/provasign/research/harness/run_e2e.py': [Errno 2] No such file or directory
=== RESUME pass 20 Sun Sep 27 20:49:04 EDT 2026 ===
/opt/homebrew/Cellar/python@3.14/3.14.7/Frameworks/Python.framework/Versions/3.14/Resources/Python.app/Contents/MacOS/Python: can't open file '/Users/tapabratapal/Projects/provasign/research/harness/run_e2e.py': [Errno 2] No such file or directory
=== RESUME pass 21 Sun Sep 27 20:49:09 EDT 2026 ===
/opt/homebrew/Cellar/python@3.14/3.14.7/Frameworks/Python.framework/Versions/3.14/Resources/Python.app/Contents/MacOS/Python: can't open file '/Users/tapabratapal/Projects/provasign/research/harness/run_e2e.py': [Errno 2] No such file or directory
=== RESUME pass 22 Sun Sep 27 20:49:14 EDT 2026 ===
/opt/homebrew/Cellar/python@3.14/3.14.7/Frameworks/Python.framework/Versions/3.14/Resources/Python.app/Contents/MacOS/Python: can't open file '/Users/tapabratapal/Projects/provasign/research/harness/run_e2e.py': [Errno 2] No such file or directory
=== RESUME pass 23 Sun Sep 27 20:49:19 EDT 2026 ===
/opt/homebrew/Cellar/python@3.14/3.14.7/Frameworks/Python.framework/Versions/3.14/Resources/Python.app/Contents/MacOS/Python: can't open file '/Users/tapabratapal/Projects/provasign/research/harness/run_e2e.py': [Errno 2] No such file or directory
=== RESUME pass 24 Sun Sep 27 20:49:24 EDT 2026 ===
/opt/homebrew/Cellar/python@3.14/3.14.7/Frameworks/Python.framework/Versions/3.14/Resources/Python.app/Contents/MacOS/Python: can't open file '/Users/tapabratapal/Projects/provasign/research/harness/run_e2e.py': [Errno 2] No such file or directory
=== RESUME pass 25 Sun Sep 27 20:49:29 EDT 2026 ===
/opt/homebrew/Cellar/python@3.14/3.14.7/Frameworks/Python.framework/Versions/3.14/Resources/Python.app/Contents/MacOS/Python: can't open file '/Users/tapabratapal/Projects/provasign/research/harness/run_e2e.py': [Errno 2] No such file or directory
=== RESUME pass 26 Sun Sep 27 20:49:34 EDT 2026 ===
/opt/homebrew/Cellar/python@3.14/3.14.7/Frameworks/Python.framework/Versions/3.14/Resources/Python.app/Contents/MacOS/Python: can't open file '/Users/tapabratapal/Projects/provasign/research/harness/run_e2e.py': [Errno 2] No such file or directory
=== RESUME pass 27 Sun Sep 27 20:49:40 EDT 2026 ===
/opt/homebrew/Cellar/python@3.14/3.14.7/Frameworks/Python.framework/Versions/3.14/Resources/Python.app/Contents/MacOS/Python: can't open file '/Users/tapabratapal/Projects/provasign/research/harness/run_e2e.py': [Errno 2] No such file or directory
=== RESUME pass 28 Sun Sep 27 20:49:45 EDT 2026 ===
/opt/homebrew/Cellar/python@3.14/3.14.7/Frameworks/Python.framework/Versions/3.14/Resources/Python.app/Contents/MacOS/Python: can't open file '/Users/tapabratapal/Projects/provasign/research/harness/run_e2e.py': [Errno 2] No such file or directory
=== RESUME pass 29 Sun Sep 27 20:49:50 EDT 2026 ===
/opt/homebrew/Cellar/python@3.14/3.14.7/Frameworks/Python.framework/Versions/3.14/Resources/Python.app/Contents/MacOS/Python: can't open file '/Users/tapabratapal/Projects/provasign/research/harness/run_e2e.py': [Errno 2] No such file or directory
=== RESUME pass 30 Sun Sep 27 20:49:55 EDT 2026 ===
/opt/homebrew/Cellar/python@3.14/3.14.7/Frameworks/Python.framework/Versions/3.14/Resources/Python.app/Contents/MacOS/Python: can't open file '/Users/tapabratapal/Projects/provasign/research/harness/run_e2e.py': [Errno 2] No such file or directory
=== RESUME pass 31 Sun Sep 27 20:50:00 EDT 2026 ===
/opt/homebrew/Cellar/python@3.14/3.14.7/Frameworks/Python.framework/Versions/3.14/Resources/Python.app/Contents/MacOS/Python: can't open file '/Users/tapabratapal/Projects/provasign/research/harness/run_e2e.py': [Errno 2] No such file or directory
=== RESUME pass 32 Sun Sep 27 20:50:05 EDT 2026 ===
/opt/homebrew/Cellar/python@3.14/3.14.7/Frameworks/Python.framework/Versions/3.14/Resources/Python.app/Contents/MacOS/Python: can't open file '/Users/tapabratapal/Projects/provasign/research/harness/run_e2e.py': [Errno 2] No such file or directory
=== RESUME pass 33 Sun Sep 27 20:50:10 EDT 2026 ===
/opt/homebrew/Cellar/python@3.14/3.14.7/Frameworks/Python.framework/Versions/3.14/Resources/Python.app/Contents/MacOS/Python: can't open file '/Users/tapabratapal/Projects/provasign/research/harness/run_e2e.py': [Errno 2] No such file or directory
=== RESUME pass 34 Sun Sep 27 20:50:16 EDT 2026 ===
/opt/homebrew/Cellar/python@3.14/3.14.7/Frameworks/Python.framework/Versions/3.14/Resources/Python.app/Contents/MacOS/Python: can't open file '/Users/tapabratapal/Projects/provasign/research/harness/run_e2e.py': [Errno 2] No such file or directory
=== RESUME pass 35 Sun Sep 27 20:50:21 EDT 2026 ===
/opt/homebrew/Cellar/python@3.14/3.14.7/Frameworks/Python.framework/Versions/3.14/Resources/Python.app/Contents/MacOS/Python: can't open file '/Users/tapabratapal/Projects/provasign/research/harness/run_e2e.py': [Errno 2] No such file or directory
=== RESUME pass 36 Sun Sep 27 20:50:26 EDT 2026 ===
/opt/homebrew/Cellar/python@3.14/3.14.7/Frameworks/Python.framework/Versions/3.14/Resources/Python.app/Contents/MacOS/Python: can't open file '/Users/tapabratapal/Projects/provasign/research/harness/run_e2e.py': [Errno 2] No such file or directory
=== RESUME pass 37 Sun Sep 27 20:50:31 EDT 2026 ===
/opt/homebrew/Cellar/python@3.14/3.14.7/Frameworks/Python.framework/Versions/3.14/Resources/Python.app/Contents/MacOS/Python: can't open file '/Users/tapabratapal/Projects/provasign/research/harness/run_e2e.py': [Errno 2] No such file or directory
=== RESUME pass 38 Sun Sep 27 20:50:36 EDT 2026 ===
/opt/homebrew/Cellar/python@3.14/3.14.7/Frameworks/Python.framework/Versions/3.14/Resources/Python.app/Contents/MacOS/Python: can't open file '/Users/tapabratapal/Projects/provasign/research/harness/run_e2e.py': [Errno 2] No such file or directory
=== RESUME pass 39 Sun Sep 27 20:50:41 EDT 2026 ===
/opt/homebrew/Cellar/python@3.14/3.14.7/Frameworks/Python.framework/Versions/3.14/Resources/Python.app/Contents/MacOS/Python: can't open file '/Users/tapabratapal/Projects/provasign/research/harness/run_e2e.py': [Errno 2] No such file or directory
=== RESUME pass 40 Sun Sep 27 20:50:46 EDT 2026 ===
/opt/homebrew/Cellar/python@3.14/3.14.7/Frameworks/Python.framework/Versions/3.14/Resources/Python.app/Contents/MacOS/Python: can't open file '/Users/tapabratapal/Projects/provasign/research/harness/run_e2e.py': [Errno 2] No such file or directory
=== RESUME pass 41 Sun Sep 27 20:50:51 EDT 2026 ===
/opt/homebrew/Cellar/python@3.14/3.14.7/Frameworks/Python.framework/Versions/3.14/Resources/Python.app/Contents/MacOS/Python: can't open file '/Users/tapabratapal/Projects/provasign/research/harness/run_e2e.py': [Errno 2] No such file or directory
=== RESUME pass 42 Sun Sep 27 20:50:56 EDT 2026 ===
/opt/homebrew/Cellar/python@3.14/3.14.7/Frameworks/Python.framework/Versions/3.14/Resources/Python.app/Contents/MacOS/Python: can't open file '/Users/tapabratapal/Projects/provasign/research/harness/run_e2e.py': [Errno 2] No such file or directory
=== RESUME pass 43 Sun Sep 27 20:51:01 EDT 2026 ===
/opt/homebrew/Cellar/python@3.14/3.14.7/Frameworks/Python.framework/Versions/3.14/Resources/Python.app/Contents/MacOS/Python: can't open file '/Users/tapabratapal/Projects/provasign/research/harness/run_e2e.py': [Errno 2] No such file or directory
=== RESUME pass 44 Sun Sep 27 20:51:06 EDT 2026 ===
/opt/homebrew/Cellar/python@3.14/3.14.7/Frameworks/Python.framework/Versions/3.14/Resources/Python.app/Contents/MacOS/Python: can't open file '/Users/tapabratapal/Projects/provasign/research/harness/run_e2e.py': [Errno 2] No such file or directory
=== RESUME pass 45 Sun Sep 27 20:51:11 EDT 2026 ===
/opt/homebrew/Cellar/python@3.14/3.14.7/Frameworks/Python.framework/Versions/3.14/Resources/Python.app/Contents/MacOS/Python: can't open file '/Users/tapabratapal/Projects/provasign/research/harness/run_e2e.py': [Errno 2] No such file or directory
=== RESUME pass 46 Sun Sep 27 20:51:17 EDT 2026 ===
/opt/homebrew/Cellar/python@3.14/3.14.7/Frameworks/Python.framework/Versions/3.14/Resources/Python.app/Contents/MacOS/Python: can't open file '/Users/tapabratapal/Projects/provasign/research/harness/run_e2e.py': [Errno 2] No such file or directory
=== RESUME pass 47 Sun Sep 27 20:51:22 EDT 2026 ===
/opt/homebrew/Cellar/python@3.14/3.14.7/Frameworks/Python.framework/Versions/3.14/Resources/Python.app/Contents/MacOS/Python: can't open file '/Users/tapabratapal/Projects/provasign/research/harness/run_e2e.py': [Errno 2] No such file or directory
=== RESUME pass 48 Sun Sep 27 20:51:27 EDT 2026 ===
/opt/homebrew/Cellar/python@3.14/3.14.7/Frameworks/Python.framework/Versions/3.14/Resources/Python.app/Contents/MacOS/Python: can't open file '/Users/tapabratapal/Projects/provasign/research/harness/run_e2e.py': [Errno 2] No such file or directory
=== RESUME pass 49 Sun Sep 27 20:51:32 EDT 2026 ===
/opt/homebrew/Cellar/python@3.14/3.14.7/Frameworks/Python.framework/Versions/3.14/Resources/Python.app/Contents/MacOS/Python: can't open file '/Users/tapabratapal/Projects/provasign/research/harness/run_e2e.py': [Errno 2] No such file or directory
=== RESUME pass 50 Sun Sep 27 20:51:37 EDT 2026 ===
/opt/homebrew/Cellar/python@3.14/3.14.7/Frameworks/Python.framework/Versions/3.14/Resources/Python.app/Contents/MacOS/Python: can't open file '/Users/tapabratapal/Projects/provasign/research/harness/run_e2e.py': [Errno 2] No such file or directory
=== RESUME pass 51 Sun Sep 27 20:51:42 EDT 2026 ===
/opt/homebrew/Cellar/python@3.14/3.14.7/Frameworks/Python.framework/Versions/3.14/Resources/Python.app/Contents/MacOS/Python: can't open file '/Users/tapabratapal/Projects/provasign/research/harness/run_e2e.py': [Errno 2] No such file or directory
=== RESUME pass 52 Sun Sep 27 20:51:47 EDT 2026 ===
/opt/homebrew/Cellar/python@3.14/3.14.7/Frameworks/Python.framework/Versions/3.14/Resources/Python.app/Contents/MacOS/Python: can't open file '/Users/tapabratapal/Projects/provasign/research/harness/run_e2e.py': [Errno 2] No such file or directory
=== RESUME pass 53 Sun Sep 27 20:51:52 EDT 2026 ===
/opt/homebrew/Cellar/python@3.14/3.14.7/Frameworks/Python.framework/Versions/3.14/Resources/Python.app/Contents/MacOS/Python: can't open file '/Users/tapabratapal/Projects/provasign/research/harness/run_e2e.py': [Errno 2] No such file or directory
=== RESUME pass 54 Sun Sep 27 20:51:57 EDT 2026 ===
/opt/homebrew/Cellar/python@3.14/3.14.7/Frameworks/Python.framework/Versions/3.14/Resources/Python.app/Contents/MacOS/Python: can't open file '/Users/tapabratapal/Projects/provasign/research/harness/run_e2e.py': [Errno 2] No such file or directory
=== RESUME pass 55 Sun Sep 27 20:52:02 EDT 2026 ===
/opt/homebrew/Cellar/python@3.14/3.14.7/Frameworks/Python.framework/Versions/3.14/Resources/Python.app/Contents/MacOS/Python: can't open file '/Users/tapabratapal/Projects/provasign/research/harness/run_e2e.py': [Errno 2] No such file or directory
=== RESUME pass 56 Sun Sep 27 20:52:07 EDT 2026 ===
/opt/homebrew/Cellar/python@3.14/3.14.7/Frameworks/Python.framework/Versions/3.14/Resources/Python.app/Contents/MacOS/Python: can't open file '/Users/tapabratapal/Projects/provasign/research/harness/run_e2e.py': [Errno 2] No such file or directory
=== RESUME pass 57 Sun Sep 27 20:52:12 EDT 2026 ===
/opt/homebrew/Cellar/python@3.14/3.14.7/Frameworks/Python.framework/Versions/3.14/Resources/Python.app/Contents/MacOS/Python: can't open file '/Users/tapabratapal/Projects/provasign/research/harness/run_e2e.py': [Errno 2] No such file or directory
=== RESUME pass 58 Sun Sep 27 20:52:18 EDT 2026 ===
/opt/homebrew/Cellar/python@3.14/3.14.7/Frameworks/Python.framework/Versions/3.14/Resources/Python.app/Contents/MacOS/Python: can't open file '/Users/tapabratapal/Projects/provasign/research/harness/run_e2e.py': [Errno 2] No such file or directory
=== RESUME pass 59 Sun Sep 27 20:52:23 EDT 2026 ===
/opt/homebrew/Cellar/python@3.14/3.14.7/Frameworks/Python.framework/Versions/3.14/Resources/Python.app/Contents/MacOS/Python: can't open file '/Users/tapabratapal/Projects/provasign/research/harness/run_e2e.py': [Errno 2] No such file or directory
=== RESUME pass 60 Sun Sep 27 20:52:28 EDT 2026 ===
/opt/homebrew/Cellar/python@3.14/3.14.7/Frameworks/Python.framework/Versions/3.14/Resources/Python.app/Contents/MacOS/Python: can't open file '/Users/tapabratapal/Projects/provasign/research/harness/run_e2e.py': [Errno 2] No such file or directory
=== RESUME pass 61 Sun Sep 27 20:52:33 EDT 2026 ===
/opt/homebrew/Cellar/python@3.14/3.14.7/Frameworks/Python.framework/Versions/3.14/Resources/Python.app/Contents/MacOS/Python: can't open file '/Users/tapabratapal/Projects/provasign/research/harness/run_e2e.py': [Errno 2] No such file or directory
=== RESUME pass 62 Sun Sep 27 20:52:38 EDT 2026 ===
/opt/homebrew/Cellar/python@3.14/3.14.7/Frameworks/Python.framework/Versions/3.14/Resources/Python.app/Contents/MacOS/Python: can't open file '/Users/tapabratapal/Projects/provasign/research/harness/run_e2e.py': [Errno 2] No such file or directory
=== RESUME pass 63 Sun Sep 27 20:52:43 EDT 2026 ===
/opt/homebrew/Cellar/python@3.14/3.14.7/Frameworks/Python.framework/Versions/3.14/Resources/Python.app/Contents/MacOS/Python: can't open file '/Users/tapabratapal/Projects/provasign/research/harness/run_e2e.py': [Errno 2] No such file or directory
=== RESUME pass 64 Sun Sep 27 20:52:48 EDT 2026 ===
/opt/homebrew/Cellar/python@3.14/3.14.7/Frameworks/Python.framework/Versions/3.14/Resources/Python.app/Contents/MacOS/Python: can't open file '/Users/tapabratapal/Projects/provasign/research/harness/run_e2e.py': [Errno 2] No such file or directory
=== RESUME pass 65 Sun Sep 27 20:52:53 EDT 2026 ===
/opt/homebrew/Cellar/python@3.14/3.14.7/Frameworks/Python.framework/Versions/3.14/Resources/Python.app/Contents/MacOS/Python: can't open file '/Users/tapabratapal/Projects/provasign/research/harness/run_e2e.py': [Errno 2] No such file or directory
=== RESUME pass 66 Sun Sep 27 20:52:58 EDT 2026 ===
/opt/homebrew/Cellar/python@3.14/3.14.7/Frameworks/Python.framework/Versions/3.14/Resources/Python.app/Contents/MacOS/Python: can't open file '/Users/tapabratapal/Projects/provasign/research/harness/run_e2e.py': [Errno 2] No such file or directory
=== RESUME pass 67 Sun Sep 27 20:53:03 EDT 2026 ===
/opt/homebrew/Cellar/python@3.14/3.14.7/Frameworks/Python.framework/Versions/3.14/Resources/Python.app/Contents/MacOS/Python: can't open file '/Users/tapabratapal/Projects/provasign/research/harness/run_e2e.py': [Errno 2] No such file or directory
=== RESUME pass 68 Sun Sep 27 20:53:08 EDT 2026 ===
/opt/homebrew/Cellar/python@3.14/3.14.7/Frameworks/Python.framework/Versions/3.14/Resources/Python.app/Contents/MacOS/Python: can't open file '/Users/tapabratapal/Projects/provasign/research/harness/run_e2e.py': [Errno 2] No such file or directory
=== RESUME pass 69 Sun Sep 27 20:53:14 EDT 2026 ===
/opt/homebrew/Cellar/python@3.14/3.14.7/Frameworks/Python.framework/Versions/3.14/Resources/Python.app/Contents/MacOS/Python: can't open file '/Users/tapabratapal/Projects/provasign/research/harness/run_e2e.py': [Errno 2] No such file or directory
=== RESUME pass 70 Sun Sep 27 20:53:19 EDT 2026 ===
/opt/homebrew/Cellar/python@3.14/3.14.7/Frameworks/Python.framework/Versions/3.14/Resources/Python.app/Contents/MacOS/Python: can't open file '/Users/tapabratapal/Projects/provasign/research/harness/run_e2e.py': [Errno 2] No such file or directory
=== RESUME pass 71 Sun Sep 27 20:53:24 EDT 2026 ===
/opt/homebrew/Cellar/python@3.14/3.14.7/Frameworks/Python.framework/Versions/3.14/Resources/Python.app/Contents/MacOS/Python: can't open file '/Users/tapabratapal/Projects/provasign/research/harness/run_e2e.py': [Errno 2] No such file or directory
=== RESUME pass 72 Sun Sep 27 20:53:29 EDT 2026 ===
/opt/homebrew/Cellar/python@3.14/3.14.7/Frameworks/Python.framework/Versions/3.14/Resources/Python.app/Contents/MacOS/Python: can't open file '/Users/tapabratapal/Projects/provasign/research/harness/run_e2e.py': [Errno 2] No such file or directory
=== RESUME pass 73 Sun Sep 27 20:53:34 EDT 2026 ===
/opt/homebrew/Cellar/python@3.14/3.14.7/Frameworks/Python.framework/Versions/3.14/Resources/Python.app/Contents/MacOS/Python: can't open file '/Users/tapabratapal/Projects/provasign/research/harness/run_e2e.py': [Errno 2] No such file or directory
=== RESUME pass 74 Sun Sep 27 20:53:39 EDT 2026 ===
/opt/homebrew/Cellar/python@3.14/3.14.7/Frameworks/Python.framework/Versions/3.14/Resources/Python.app/Contents/MacOS/Python: can't open file '/Users/tapabratapal/Projects/provasign/research/harness/run_e2e.py': [Errno 2] No such file or directory
=== RESUME pass 75 Sun Sep 27 20:53:44 EDT 2026 ===
/opt/homebrew/Cellar/python@3.14/3.14.7/Frameworks/Python.framework/Versions/3.14/Resources/Python.app/Contents/MacOS/Python: can't open file '/Users/tapabratapal/Projects/provasign/research/harness/run_e2e.py': [Errno 2] No such file or directory
=== RESUME pass 76 Sun Sep 27 20:53:49 EDT 2026 ===
/opt/homebrew/Cellar/python@3.14/3.14.7/Frameworks/Python.framework/Versions/3.14/Resources/Python.app/Contents/MacOS/Python: can't open file '/Users/tapabratapal/Projects/provasign/research/harness/run_e2e.py': [Errno 2] No such file or directory
=== RESUME pass 77 Sun Sep 27 20:53:54 EDT 2026 ===
/opt/homebrew/Cellar/python@3.14/3.14.7/Frameworks/Python.framework/Versions/3.14/Resources/Python.app/Contents/MacOS/Python: can't open file '/Users/tapabratapal/Projects/provasign/research/harness/run_e2e.py': [Errno 2] No such file or directory
=== RESUME pass 78 Sun Sep 27 20:53:59 EDT 2026 ===
/opt/homebrew/Cellar/python@3.14/3.14.7/Frameworks/Python.framework/Versions/3.14/Resources/Python.app/Contents/MacOS/Python: can't open file '/Users/tapabratapal/Projects/provasign/research/harness/run_e2e.py': [Errno 2] No such file or directory
=== RESUME pass 79 Sun Sep 27 20:54:05 EDT 2026 ===
/opt/homebrew/Cellar/python@3.14/3.14.7/Frameworks/Python.framework/Versions/3.14/Resources/Python.app/Contents/MacOS/Python: can't open file '/Users/tapabratapal/Projects/provasign/research/harness/run_e2e.py': [Errno 2] No such file or directory
=== RESUME pass 80 Sun Sep 27 20:54:10 EDT 2026 ===
=== AGGREGATE Sun Sep 27 20:54:15 EDT 2026 ===
/opt/homebrew/Cellar/python@3.14/3.14.7/Frameworks/Python.framework/Versions/3.14/Resources/Python.app/Contents/MacOS/Python: can't open file '/Users/tapabratapal/Projects/provasign/research/harness/agg_walk_ab.py': [Errno 2] No such file or directory
=== COMPLETE Sun Sep 27 20:54:15 EDT 2026 ===
