[2026-09-25 22:30:49] starting: 50 tasks, 0 already done
[2026-09-25 22:30:49] -- gin-gonic__gin__pr4695 (go) --
[2026-09-25 22:32:22]    native resolved=True tokens=236241 | prism resolved=True tokens=265078 prism_calls=2
[2026-09-25 22:32:22] -- gin-gonic__gin__pr4698 (go) --
[2026-09-25 22:33:47]    native resolved=True tokens=217854 | prism resolved=True tokens=228963 prism_calls=1
[2026-09-25 22:33:47] -- Textualize__rich__pr3882 (python) --
[2026-09-25 22:35:09]    native resolved=True tokens=370218 | prism resolved=True tokens=298307 prism_calls=1
[2026-09-25 22:35:09] -- psf__requests__pr7315 (python) --
[2026-09-25 22:42:23]    native resolved=False tokens=1203286 | prism resolved=False tokens=945708 prism_calls=4
[2026-09-25 22:42:23] -- gin-gonic__gin__pr4472 (go) --
[2026-09-25 22:43:40]    native resolved=True tokens=314648 | prism resolved=True tokens=238276 prism_calls=2
[2026-09-25 22:43:40] -- akheron__jansson__pr740 (c) --
[2026-09-25 22:45:40]    native resolved=False tokens=572785 | prism resolved=False tokens=596431 prism_calls=3
[2026-09-25 22:45:40] -- gin-gonic__gin__pr4819 (go) --
[2026-09-25 22:48:06]    native resolved=True tokens=496964 | prism resolved=True tokens=327550 prism_calls=1 [FLAGGED]
[2026-09-25 22:48:06] -- pallets__click__pr3466 (python) --
[2026-09-25 22:53:53]    native resolved=True tokens=1190856 | prism resolved=True tokens=1499762 prism_calls=3
[2026-09-25 22:53:53] -- pallets__click__pr3471 (python) --
[2026-09-25 22:57:22]    native resolved=False tokens=1197004 | prism resolved=False tokens=812898 prism_calls=2
[2026-09-25 22:57:22] -- FasterXML__jackson-databind__pr6012 (java) --
[2026-09-26 01:47:16]    native resolved=True tokens=318998 | prism resolved=False tokens=0 prism_calls=0 [FLAGGED]
[2026-09-26 01:47:16] -- apache__commons-lang__pr1631 (java) --
[2026-09-26 02:23:44]    native resolved=True tokens=132387 | prism resolved=True tokens=147985 prism_calls=1
[2026-09-26 02:23:44] -- FasterXML__jackson-databind__pr6030 (java) --
[2026-09-26 02:24:53] starting: 50 tasks, 9 already done
[2026-09-26 02:24:53] -- FasterXML__jackson-databind__pr6012 (java) --
[2026-09-26 02:27:59]    native resolved=True tokens=410140 | prism resolved=True tokens=159948 prism_calls=1 [FLAGGED]
[2026-09-26 02:27:59] -- apache__commons-lang__pr1631 (java) --
[2026-09-26 02:29:35]    native resolved=True tokens=132657 | prism resolved=True tokens=263244 prism_calls=3 [FLAGGED]
[2026-09-26 02:29:35] -- FasterXML__jackson-databind__pr6030 (java) --
[2026-09-26 02:32:47]    native resolved=False tokens=363177 | prism resolved=False tokens=414093 prism_calls=4
[2026-09-26 02:32:47] -- FasterXML__jackson-databind__pr6102 (java) --
