[2026-09-26 20:34:17] starting: 71 tasks, 0 already done
[2026-09-26 20:34:17] -- urfave__cli__pr2296 (go) --
[2026-09-26 20:39:18]    native resolved=True tokens=987681 | prism resolved=True tokens=330470 prism_calls=1 [FLAGGED]
[2026-09-26 20:39:18] -- urfave__cli__pr2309 (go) --
[2026-09-26 20:44:12]    native resolved=True tokens=893587 | prism resolved=True tokens=822029 prism_calls=3
[2026-09-26 20:44:12] -- urfave__cli__pr2290 (go) --
[2026-09-26 20:46:11]    native resolved=True tokens=617553 | prism resolved=True tokens=353303 prism_calls=2 [FLAGGED]
[2026-09-26 20:46:11] -- urfave__cli__pr2419 (go) --
[2026-09-26 20:47:21]    native resolved=True tokens=216861 | prism resolved=True tokens=200935 prism_calls=1
[2026-09-26 20:47:21] -- urfave__cli__pr2297 (go) --
[2026-09-26 20:48:53]    native resolved=True tokens=337867 | prism resolved=True tokens=500809 prism_calls=1
[2026-09-26 20:48:53] -- google__gson__pr3067 (java) --
[2026-09-26 20:50:32]    native resolved=True tokens=422073 | prism resolved=True tokens=312468 prism_calls=3
[2026-09-26 20:50:32] -- urfave__cli__pr2311 (go) --
[2026-09-26 20:51:16]    native resolved=False tokens=207072 | prism resolved=False tokens=149469 prism_calls=1
[2026-09-26 20:51:16] -- apache__dubbo__pr16350 (java) --
[2026-09-26 20:57:08]    native resolved=True tokens=245718 | prism resolved=True tokens=262846 prism_calls=2
[2026-09-26 20:57:08] -- apache__dubbo__pr16348 (java) --
[2026-09-26 21:02:53]    native resolved=True tokens=280114 | prism resolved=True tokens=147919 prism_calls=1 [FLAGGED]
[2026-09-26 21:02:53] -- colinhacks__zod__pr6439 (ts) --
[2026-09-26 21:05:34]    native resolved=True tokens=559606 | prism resolved=True tokens=556498 prism_calls=2
[2026-09-26 21:05:34] -- go-chi__chi__pr1085 (go) --
[2026-09-26 21:06:17]    native resolved=True tokens=134391 | prism resolved=True tokens=185189 prism_calls=1
[2026-09-26 21:06:17] -- labstack__echo__pr3006 (go) --
[2026-09-26 21:12:31]    native resolved=True tokens=1046993 | prism resolved=True tokens=1727770 prism_calls=7 [FLAGGED]
[2026-09-26 21:12:31] -- colinhacks__zod__pr6298 (ts) --
[2026-09-26 21:14:07]    native resolved=True tokens=371373 | prism resolved=True tokens=174684 prism_calls=1 [FLAGGED]
[2026-09-26 21:14:07] -- honojs__hono__pr5373 (ts) --
[2026-09-26 21:16:10]    native resolved=True tokens=356058 | prism resolved=True tokens=188906 prism_calls=1 [FLAGGED]
[2026-09-26 21:16:10] -- FasterXML__jackson-dataformat-xml__pr825 (java) --
[2026-09-26 21:16:45]    native resolved=False tokens=175280 | prism resolved=False tokens=0 prism_calls=0
[2026-09-26 21:16:45] -- urfave__cli__pr2440 (go) --
[2026-09-26 21:16:52]    native resolved=False tokens=0 | prism resolved=False tokens=0 prism_calls=0
[2026-09-26 21:16:52] -- FasterXML__jackson-databind__pr5977 (java) --
[2026-09-26 21:19:05] starting: 71 tasks, 14 already done
[2026-09-26 21:19:05] -- FasterXML__jackson-dataformat-xml__pr825 (java) --
[2026-09-26 21:27:40]    native resolved=True tokens=1989207 | prism resolved=True tokens=4033977 prism_calls=10 [FLAGGED]
[2026-09-26 21:27:40] -- urfave__cli__pr2440 (go) --
[2026-09-26 21:30:00]    native resolved=True tokens=763339 | prism resolved=True tokens=637852 prism_calls=7
[2026-09-26 21:30:00] -- FasterXML__jackson-databind__pr5977 (java) --
[2026-09-26 21:38:05]    native resolved=False tokens=2018896 | prism resolved=False tokens=646828 prism_calls=4 [FLAGGED]
[2026-09-26 21:38:05] -- colinhacks__zod__pr6129 (ts) --
[2026-09-26 21:41:00]    native resolved=True tokens=539402 | prism resolved=True tokens=744878 prism_calls=2
[2026-09-26 21:41:00] -- FasterXML__jackson-databind__pr6186 (java) --
[2026-09-26 21:44:10]    native resolved=True tokens=587263 | prism resolved=True tokens=269673 prism_calls=2 [FLAGGED]
[2026-09-26 21:44:10] -- honojs__hono__pr5366 (ts) --
[2026-09-26 21:47:01]    native resolved=True tokens=424579 | prism resolved=True tokens=395363 prism_calls=1
[2026-09-26 21:47:01] -- go-chi__chi__pr1029 (go) --
[2026-09-26 21:49:37]    native resolved=True tokens=518075 | prism resolved=True tokens=456060 prism_calls=5
[2026-09-26 21:49:37] -- h3js__h3__pr1273 (ts) --
[2026-09-26 21:53:18]    native resolved=False tokens=834668 | prism resolved=False tokens=1099715 prism_calls=3
[2026-09-26 21:53:18] -- apache__dubbo__pr16391 (java) --
[2026-09-26 22:08:32]    native resolved=True tokens=623438 | prism resolved=True tokens=984781 prism_calls=6 [FLAGGED]
[2026-09-26 22:08:32] -- go-chi__chi__pr1158 (go) --
[2026-09-26 22:14:17]    native resolved=True tokens=644118 | prism resolved=True tokens=685610 prism_calls=2
[2026-09-26 22:14:17] -- urfave__cli__pr2355 (go) --
[2026-09-26 22:23:57]    native resolved=True tokens=3012150 | prism resolved=True tokens=2245442 prism_calls=12
[2026-09-26 22:23:57] -- h3js__h3__pr1314 (ts) --
[2026-09-26 22:25:31]    native resolved=False tokens=272284 | prism resolved=False tokens=358334 prism_calls=8
[2026-09-26 22:25:31] -- FasterXML__jackson-dataformat-xml__pr827 (java) --
[2026-09-26 22:36:11]    native resolved=True tokens=2484040 | prism resolved=False tokens=1750720 prism_calls=5 [FLAGGED]
[2026-09-26 22:36:11] -- FasterXML__jackson-databind__pr5964 (java) --
[2026-09-26 22:42:23]    native resolved=True tokens=1748994 | prism resolved=True tokens=661512 prism_calls=8 [FLAGGED]
[2026-09-26 22:42:23] -- FasterXML__jackson-databind__pr6155 (java) --
[2026-09-26 22:44:56]    native resolved=True tokens=319107 | prism resolved=True tokens=263241 prism_calls=3
[2026-09-26 22:44:56] -- FasterXML__jackson-databind__pr6138 (java) --
[2026-09-26 22:47:59]    native resolved=True tokens=338975 | prism resolved=True tokens=404898 prism_calls=2
[2026-09-26 22:47:59] -- honojs__hono__pr5164 (ts) --
[2026-09-26 22:50:27]    native resolved=True tokens=418989 | prism resolved=True tokens=351220 prism_calls=1
[2026-09-26 22:50:27] -- colinhacks__zod__pr6144 (ts) --
[2026-09-26 22:53:18]    native resolved=True tokens=769115 | prism resolved=True tokens=538754 prism_calls=3
[2026-09-26 22:53:18] -- honojs__hono__pr5199 (ts) --
[2026-09-26 22:55:35]    native resolved=True tokens=344853 | prism resolved=True tokens=393618 prism_calls=3
[2026-09-26 22:55:35] -- google__gson__pr3116 (java) --
[2026-09-26 22:59:39]    native resolved=False tokens=588287 | prism resolved=False tokens=448244 prism_calls=3
[2026-09-26 22:59:39] -- FasterXML__jackson-databind__pr5959 (java) --
[2026-09-26 23:16:32]    native resolved=False tokens=4474631 | prism resolved=False tokens=2469694 prism_calls=7 [FLAGGED]
[2026-09-26 23:16:32] -- FasterXML__jackson-databind__pr5943 (java) --
[2026-09-26 23:21:16]    native resolved=True tokens=776512 | prism resolved=True tokens=268157 prism_calls=2 [FLAGGED]
[2026-09-26 23:21:16] -- google__gson__pr3112 (java) --
[2026-09-26 23:23:42]    native resolved=False tokens=555645 | prism resolved=False tokens=469235 prism_calls=2
[2026-09-26 23:23:42] -- FasterXML__jackson-databind__pr5994 (java) --
[2026-09-26 23:34:06]    native resolved=False tokens=424317 | prism resolved=False tokens=822014 prism_calls=5 [FLAGGED]
[2026-09-26 23:34:06] -- apache__dubbo__pr16395 (java) --
[2026-09-26 23:52:30]    native resolved=False tokens=1243486 | prism resolved=False tokens=2162380 prism_calls=9 [FLAGGED]
[2026-09-26 23:52:30] -- honojs__hono__pr5311 (ts) --
[2026-09-26 23:54:07]    native resolved=True tokens=211800 | prism resolved=True tokens=307967 prism_calls=3
[2026-09-26 23:54:07] -- urllib3__urllib3__pr5020 (python) --
[2026-09-27 00:02:37]    native resolved=False tokens=1610850 | prism resolved=False tokens=2240305 prism_calls=7
[2026-09-27 00:02:37] -- go-chi__chi__pr1148 (go) --
[2026-09-27 00:11:06]    native resolved=True tokens=1469204 | prism resolved=True tokens=1368211 prism_calls=5
[2026-09-27 00:11:06] -- google__gson__pr3000 (java) --
[2026-09-27 00:12:36]    native resolved=True tokens=438666 | prism resolved=True tokens=358106 prism_calls=1
[2026-09-27 00:12:36] -- FasterXML__jackson-databind__pr5976 (java) --
[2026-09-27 00:43:20]    native resolved=True tokens=7169082 | prism resolved=True tokens=11602150 prism_calls=5 [FLAGGED]
[2026-09-27 00:43:20] -- FasterXML__jackson-dataformat-xml__pr817 (java) --
[2026-09-27 01:00:50]    native resolved=True tokens=3572562 | prism resolved=True tokens=4724122 prism_calls=11
[2026-09-27 01:00:50] -- google__gson__pr3059 (java) --
[2026-09-27 01:03:34]    native resolved=False tokens=554599 | prism resolved=False tokens=546229 prism_calls=8
[2026-09-27 01:03:34] -- urllib3__urllib3__pr3786 (python) --
[2026-09-27 01:18:22]    native resolved=False tokens=3630054 | prism resolved=False tokens=3619569 prism_calls=7
[2026-09-27 01:18:22] -- h3js__h3__pr1352 (ts) --
[2026-09-27 01:23:01]    native resolved=True tokens=1741415 | prism resolved=True tokens=938108 prism_calls=3 [FLAGGED]
[2026-09-27 01:23:01] -- FasterXML__jackson-dataformat-xml__pr821 (java) --
[2026-09-27 01:31:51]    native resolved=True tokens=1082352 | prism resolved=True tokens=1679008 prism_calls=4 [FLAGGED]
[2026-09-27 01:31:51] -- Textualize__rich__pr3938 (python) --
[2026-09-27 01:38:35]    native resolved=False tokens=1549627 | prism resolved=False tokens=1931909 prism_calls=9
[2026-09-27 01:38:35] -- colinhacks__zod__pr6500 (ts) --
[2026-09-27 01:47:17]    native resolved=False tokens=2594309 | prism resolved=False tokens=4058197 prism_calls=4 [FLAGGED]
[2026-09-27 01:47:17] -- pallets__werkzeug__pr3081 (python) --
[2026-09-27 02:41:45]    native resolved=False tokens=572480 | prism resolved=False tokens=None prism_calls=0
[2026-09-27 02:41:45] -- google__gson__pr3057 (java) --
[2026-09-27 02:44:48]    native resolved=False tokens=809674 | prism resolved=False tokens=460964 prism_calls=3 [FLAGGED]
[2026-09-27 02:44:48] -- FasterXML__jackson-dataformat-xml__pr822 (java) --
[2026-09-27 02:57:10]    native resolved=True tokens=2223069 | prism resolved=True tokens=1924547 prism_calls=6
[2026-09-27 02:57:10] -- FasterXML__jackson-dataformat-xml__pr829 (java) --
[2026-09-27 03:08:41]    native resolved=True tokens=4525329 | prism resolved=True tokens=2621035 prism_calls=12 [FLAGGED]
[2026-09-27 03:08:41] -- FasterXML__jackson-databind__pr5947 (java) --
[2026-09-27 03:21:21]    native resolved=True tokens=2359131 | prism resolved=False tokens=2186292 prism_calls=6 [FLAGGED]
[2026-09-27 03:21:21] -- pydantic__pydantic__pr13516 (python) --
[2026-09-27 03:26:17]    native resolved=False tokens=566114 | prism resolved=False tokens=726016 prism_calls=2
[2026-09-27 03:26:17] -- pallets__werkzeug__pr3038 (python) --
  [docker_eval] uv path collected nothing; falling back to pip
  [docker_eval] collection failed; container tail:
    platform linux -- Python 3.12.14, pytest-9.1.1, pluggy-1.6.0 -- /usr/local/bin/python
    rootdir: /w
    configfile: pyproject.toml
    plugins: platformdirs-4.12.0, timeout-2.4.0
    timeout: 90.0s
    timeout method: signal
    timeout func_only: False
    collecting ... collected 0 items / 1 error
    
    =========================== short test summary info ============================
    ERROR tests/test_routing.py
    =============================== 1 error in 0.11s ===============================
  [docker_eval] uv path collected nothing; falling back to pip
  [docker_eval] collection failed; container tail:
    platform linux -- Python 3.12.14, pytest-9.1.1, pluggy-1.6.0 -- /usr/local/bin/python
    rootdir: /w
    configfile: pyproject.toml
    plugins: platformdirs-4.12.0, timeout-2.4.0
    timeout: 90.0s
    timeout method: signal
    timeout func_only: False
    collecting ... collected 0 items / 1 error
    
    =========================== short test summary info ============================
    ERROR tests/test_routing.py
    =============================== 1 error in 0.11s ===============================
[2026-09-27 03:35:11]    native resolved=False tokens=1533308 | prism resolved=False tokens=1522190 prism_calls=5
[2026-09-27 03:35:11] -- google__gson__pr3098 (java) --
[2026-09-27 03:40:49]    native resolved=False tokens=707053 | prism resolved=False tokens=1370372 prism_calls=7 [FLAGGED]
[2026-09-27 03:40:49] -- pallets__click__pr3228 (python) --
[2026-09-27 03:42:35]    native resolved=False tokens=475977 | prism resolved=False tokens=591685 prism_calls=5
[2026-09-27 03:42:35] -- pallets__click__pr3244 (python) --
[2026-09-27 04:02:18]    native resolved=True tokens=1380984 | prism resolved=False tokens=3578344 prism_calls=3 [FLAGGED]
[2026-09-27 04:02:18] -- FasterXML__jackson-dataformat-xml__pr885 (java) --
[2026-09-27 04:04:51]    native resolved=False tokens=481408 | prism resolved=False tokens=677586 prism_calls=3
[2026-09-27 04:04:51] -- pallets__click__pr3533 (python) --
[2026-09-27 04:30:33]    native resolved=True tokens=5563902 | prism resolved=True tokens=4801214 prism_calls=13
[2026-09-27 04:30:33] -- FasterXML__jackson-dataformat-xml__pr819 (java) --
[2026-09-27 05:06:40]    native resolved=True tokens=7990782 | prism resolved=True tokens=7868313 prism_calls=11
[2026-09-27 05:06:40] -- urllib3__urllib3__pr5093 (python) --
[2026-09-27 05:14:18]    native resolved=False tokens=1289353 | prism resolved=False tokens=1680415 prism_calls=4
[2026-09-27 05:14:18] -- FasterXML__jackson-databind__pr5983 (java) --
[2026-09-27 05:30:56]    native resolved=False tokens=1615705 | prism resolved=True tokens=2352922 prism_calls=6 [FLAGGED]
[2026-09-27 05:30:56] -- FasterXML__jackson-databind__pr6215 (java) --
[2026-09-27 05:37:22]    native resolved=False tokens=699079 | prism resolved=False tokens=810499 prism_calls=2
[2026-09-27 05:37:22] -- FasterXML__jackson-databind__pr5953 (java) --
[2026-09-27 05:50:57]    native resolved=False tokens=1511514 | prism resolved=False tokens=1755870 prism_calls=5
[2026-09-27 05:50:57] -- apache__dubbo__pr16325 (java) --
[2026-09-27 06:06:58]    native resolved=False tokens=3131903 | prism resolved=False tokens=2306479 prism_calls=8
[2026-09-27 06:06:58] -- pallets__click__pr3695 (python) --
[2026-09-27 06:10:02]    native resolved=False tokens=824956 | prism resolved=False tokens=1000573 prism_calls=2
[2026-09-27 06:10:02] -- pallets__werkzeug__pr3006 (python) --
[2026-09-27 06:21:05]    native resolved=False tokens=1869844 | prism resolved=False tokens=1019519 prism_calls=1 [FLAGGED]
[2026-09-27 06:21:05] DONE: 71/71 tasks, 27 flagged (0 non-adoption, 27 real)
