[2026-09-21 06:30:20] starting: 11 tasks, 0 already done
[2026-09-21 06:30:20] -- apache__commons-lang__pr1631 (java) --
[2026-09-21 06:31:38]    native resolved=True tokens=140520 | prism resolved=True tokens=271269 prism_calls=2 [FLAGGED]
[2026-09-21 06:31:38] -- apache__commons-lang__pr1670 (java) --
[2026-09-21 06:41:17]    native resolved=True tokens=728828 | prism resolved=True tokens=1617409 prism_calls=4 [FLAGGED]
[2026-09-21 06:41:17] -- apache__commons-lang__pr1699 (java) --
[2026-09-21 06:42:42]    native resolved=True tokens=240915 | prism resolved=True tokens=266618 prism_calls=2
[2026-09-21 06:42:42] -- apache__commons-lang__pr1720 (java) --
[2026-09-21 06:45:07]    native resolved=True tokens=440516 | prism resolved=True tokens=449949 prism_calls=3
[2026-09-21 06:45:07] -- apache__commons-lang__pr1713 (java) --
[2026-09-21 06:46:55]    native resolved=True tokens=363691 | prism resolved=True tokens=354527 prism_calls=2
[2026-09-21 06:46:55] -- apache__commons-lang__pr1733 (java) --
[2026-09-21 06:48:56]    native resolved=True tokens=326224 | prism resolved=True tokens=520838 prism_calls=2 [FLAGGED]
[2026-09-21 06:48:56] -- apache__commons-lang__pr1703 (java) --
[2026-09-21 06:56:43]    native resolved=False tokens=308318 | prism resolved=False tokens=573380 prism_calls=2 [FLAGGED]
[2026-09-21 06:56:43] -- apache__commons-lang__pr1591 (java) --
[2026-09-21 07:02:21]    native resolved=True tokens=388987 | prism resolved=True tokens=444340 prism_calls=4
[2026-09-21 07:02:21] -- apache__commons-lang__pr1655 (java) --
[2026-09-21 07:04:38]    native resolved=False tokens=245751 | prism resolved=False tokens=327372 prism_calls=4
[2026-09-21 07:04:38] -- apache__commons-lang__pr1709 (java) --
[2026-09-21 07:06:42]    native resolved=True tokens=380584 | prism resolved=True tokens=401928 prism_calls=3
[2026-09-21 07:06:42] -- apache__commons-lang__pr1750 (java) --
[2026-09-21 07:08:23]    native resolved=False tokens=277999 | prism resolved=True tokens=386662 prism_calls=3 [FLAGGED]
[2026-09-21 07:08:23] DONE: 11/11 tasks, 5 flagged (0 non-adoption, 5 real)
