# 22 candidate 2026 tasks in FasterXML/jackson-core (of 150 scanned)

  [bug    ] pr#1723   churn=163  2026-09-19  Fix #1722: Make failed-construction cleanup helpers `protected`
  [bug    ] pr#1719   churn=181  2026-09-18  Fix #1718: Close File/Path parser sources if decorated stream cl
  [bug    ] pr#1716   churn=133  2026-09-17  Fix #1713: `UTF32Reader` corrupts low surrogate split across `re
  [bug    ] pr#1690   churn=232  2026-09-08  Validate oversized decimal numbers before full buffering
  [bug    ] pr#1689   churn=27   2026-09-08  Lower BigDecimal fast parser cutoff from 500 to 200
  [bug    ] pr#1672   churn=112  2026-08-21  Fix #1668: `WriterBasedJsonGenerator` throws `ArrayIndexOutOfBou
  [bug    ] pr#1670   churn=42   2026-08-20  Fix `willInternPropertyNames()` when canonicalization is disable
  [bug    ] pr#1655   churn=87   2026-09-04  Prevent stale symbol table children from replacing newer root ta
  [bug    ] pr#1650   churn=150  2026-08-09  Fix #1649: optimize "NumberInput.looksLikeValidNumber()" impleme
  [bug    ] pr#1647   churn=57   2026-08-06  Fix ByteBuffer-backed async `releaseBuffered()` output
  [bug    ] pr#1636   churn=266  2026-07-25  New JsonPointer method:  public boolean startsWith(JsonPointer o
  [bug    ] pr#1632   churn=15   2026-07-09  Fix #1630 for 3.1(.6): `UTF8StreamJsonParser.nextName()` ignores
  [bug    ] pr#1624   churn=159  2026-06-26  Fix #1622: size base64 encoding buffer from binary length hint
  [bug    ] pr#1619   churn=251  2026-06-02  Fix #1616: `JsonParserSequence` read methods no longer use Parse
  [bug    ] pr#1603   churn=46   2026-04-24  Fix #1602: enforce StreamReadConstraints.maxNameLen on UTF8DataI
  [bug    ] pr#1594   churn=177  2026-04-06  Fix #1593: add `JsonGenerator.writeComment()`
  [bug    ] pr#1580   churn=215  2026-03-26  Add `JsonParser.willInternPropertyNames()` for property name int
  [bug    ] pr#1571   churn=37   2026-03-09  Fix #1570: fail on DataInput parsing if max-doc-length set
  [bug    ] pr#1567   churn=224  2026-03-04  Partial backport of #1542 to fix #1541 in 2.21 (for 2.21.2 patch
  [bug    ] pr#1556   churn=82   2026-02-25  Fix #679
  [bug    ] pr#1554   churn=19   2026-02-19  Fix #1553
  [bug    ] pr#1549   churn=23   2026-02-19  Fix #1548: validate max doc length for fixed buffer input too

# wrote 22 candidates -> results/mining/FasterXML__jackson-core.0924.cands.json
