# 20 candidate 2026 tasks in FasterXML/jackson-dataformat-xml (of 150 scanned)

  [bug    ] pr#885    churn=152  2026-07-24  Fix #884 (NPE for annotations)
  [bug    ] pr#860    churn=299  2026-05-02  Fix #484: add `XmlReadFeature.WRAP_ROOT_ELEMENT_NAME`, handling
  [bug    ] pr#858    churn=212  2026-04-27  Fix #556: explicit fail on nested array/Collection writes
  [bug    ] pr#856    churn=319  2026-04-24  Implement #315: ability to specify custom XML declaration
  [bug    ] pr#852    churn=226  2026-04-21  Fix #452: add ability to write PIs in Prolog
  [bug    ] pr#848    churn=228  2026-04-20  Fix #150: allow writing DOCTYPE declarations (dtds)
  [bug    ] pr#841    churn=350  2026-03-31  Fix #247: add optional enforcement of root element name
  [bug    ] pr#837    churn=136  2026-03-28  Fix #358: allow skipping 'xsi` attributes
  [bug    ] pr#831    churn=186  2026-03-20  Fix #496: root name missing if no attributes
  [bug    ] pr#829    churn=153  2026-03-20  Fix #344: `null` for polymorphic element of Collection
  [bug    ] pr#827    churn=119  2026-03-19  Fix #627: lists, `defaultUseWrapper = false`, nulls
  [bug    ] pr#826    churn=84   2026-03-19  Fix #608: support text-node-only cases
  [bug    ] pr#825    churn=76   2026-03-19  Fix #561: Deserializing empty timestamp fields to null value doe
  [bug    ] pr#822    churn=192  2026-03-18  Fix #629 (partially), invalid XML for any getter
  [bug    ] pr#821    churn=130  2026-03-18  Fix #334: @JacksonXmlElementWrapper(useWrapping=false) fails whe
  [bug    ] pr#819    churn=143  2026-03-18  Fix #27: conflicting getter name with wrapper
  [bug    ] pr#818    churn=68   2026-03-17  Fix #665: `@JacksonXmlProperty` with Records
  [bug    ] pr#817    churn=118  2026-03-17  Fix #449 and #565
  [bug    ] pr#812    churn=256  2026-03-17  Fix #455 (and possibly #426, #525, #567)
  [bug    ] pr#809    churn=122  2026-03-16  Fix #8: handle List wrapping even prop declared as `Object`

# wrote 20 candidates -> results/mining/FasterXML__jackson-dataformat-xml.0924.cands.json
