# 37 candidate 2026 tasks in FasterXML/jackson-databind (of 150 scanned)

  [bug    ] pr#6238   churn=264  2026-09-24  Fix #6239: honor explicit `NUMBER_INT`/`NUMBER_FLOAT` shape for 
  [bug    ] pr#6215   churn=214  2026-09-16  Fix #6214: restore BigInteger scale guard for DecimalNode conver
  [bug    ] pr#6209   churn=366  2026-09-15  Fix #6198: make AnnotatedMethod InvokerHolder access lazy
  [bug    ] pr#6191   churn=155  2026-09-10  Fix #6187: make AnnotatedConstructor InvokerHolder access lazy
  [bug    ] pr#6189   churn=313  2026-09-05  Fix #6188: resolve standard `Throwable` property names against `
  [bug    ] pr#6186   churn=34   2026-09-03  Fix #6185: bracket unresolved IPv6 host name in `InetSocketAddre
  [bug    ] pr#6181   churn=191  2026-09-04  Fix #6178: Honor case-insensitive values for Month without custo
  [bug    ] pr#6176   churn=91   2026-09-01  Fix #6175: parse QName object form after As.PROPERTY type id
  [bug    ] pr#6155   churn=83   2026-08-11  Add `java.lang.Comparable` as an "unsafe" polymorphic base type
  [bug    ] pr#6143   churn=78   2026-08-04  Fix read-only serializer cache invalidation for typed replacemen
  [bug    ] pr#6138   churn=37   2026-07-31  Fix DefaultCacheProvider.Builder default cache sizes
  [bug    ] pr#6135   churn=76   2026-07-29  Fix #6128: reject POJO-as-array with property filters
  [bug    ] pr#6124   churn=113  2026-08-05  Fix #3947: infer properties-based factory mode from parameter na
  [bug    ] pr#6102   churn=112  2026-07-17  Fix #6101: omit NON_EMPTY Map when CUSTOM content filter removes
  [bug    ] pr#6076   churn=291  2026-07-17  Fix #4762: @JsonValue should honor @JsonInclude on annotated acc
  [bug    ] pr#6061   churn=75   2026-06-27  Fix #6059
  [bug    ] pr#6056   churn=124  2026-06-27  Fix #6060 -- `@JsonView` skipped for Setter/Field properties wit
  [bug    ] pr#6052   churn=79   2026-06-26  Fix #1803: `TreeTraversingParser` should allow passing of parent
  [bug    ] pr#6047   churn=55   2026-06-24  Fix #6043: honor FAIL_ON_UNKNOWN_PROPERTIES for creator-based PO
  [bug    ] pr#6044   churn=185  2026-06-19  Fix #1127: eagerly fail on EXTERNAL_PROPERTY use for Container t
  [bug    ] pr#6042   churn=87   2026-06-18  Fix #6040
  [bug    ] pr#6039   churn=110  2026-06-18  Backport PR #5964 into 2.18 to fix #5962
  [bug    ] pr#6035   churn=245  2026-06-17  Fix #6031, @JsonAlias/@JsonIgnore
  [bug    ] pr#6030   churn=25   2026-06-09  Fix #6028: improve error message for unwrapped property conflict
  [bug    ] pr#6019   churn=129  2026-05-28  Fix #5980: current value wrong for parser with Properties-based 
  [bug    ] pr#6018   churn=147  2026-05-28  Fix #6017: support delegating `@JsonUnwrapped` serializer
  [bug    ] pr#6012   churn=6    2026-05-24  Fix #6011
  [bug    ] pr#6008   churn=119  2026-05-22  Fix #6001: custom `@JsonUnwrapped` deserializer
  [bug    ] pr#5994   churn=101  2026-05-21  `UPPER_SNAKE_CASE` and `LOWER_CASE` naming strategies must use `
  [bug    ] pr#5983   churn=280  2026-05-08  Fix #5981: `BasicPolymorphicTypeValidator` setting `allowIfSubTy
  [bug    ] pr#5977   churn=40   2026-05-08  Apply per-property DYNAMIC typing override to `ObjectArraySerial
  [bug    ] pr#5976   churn=139  2026-05-08  Fix #5975: read-/write-only props w/ implicit names
  [bug    ] pr#5964   churn=102  2026-05-06  Fix #5962: Case-insensitive deserialization may use wrong `@Json
  [bug    ] pr#5959   churn=128  2026-05-06  Fix #5958: apply View processing with external type id case too
  [bug    ] pr#5953   churn=154  2026-05-05  Fix #5952: `@JsonIgnore` ignored if any-setter exists
  [bug    ] pr#5947   churn=102  2026-04-28  Fix #5946: Object arrays with Object Id, Builder/delegate
  [bug    ] pr#5943   churn=62   2026-04-24  Fix #5941: addModule() not adding transitive dependencies

# wrote 37 candidates -> results/mining/FasterXML__jackson-databind.0924.cands.json
