# 18 candidate 2026 tasks in gin-gonic/gin (of 150 scanned)

  [bug    ] pr#4830   churn=26   2026-09-16  feat(router): add QUERY method shortcut for RFC 10008
  [bug    ] pr#4819   churn=105  2026-09-19  fix: reset skipped-nodes stack on getValue entry to prevent slic
  [feature] pr#4806   churn=156  2026-09-19  feat: add support for the HTTP QUERY method (RFC 10008)
  [bug    ] pr#4805   churn=97   2026-09-16  fix(context): handle missing HTML renderer
  [bug    ] pr#4800   churn=59   2026-09-19  fix(engine): add default ReadHeaderTimeout to http.Server in Run
  [bug    ] pr#4702   churn=61   2026-06-22  fix(context): skip chmod on pre-existing dirs in SaveUploadedFil
  [bug    ] pr#4698   churn=51   2026-06-22  fix(recovery): record recovered panics in c.Errors
  [feature] pr#4695   churn=54   2026-06-22  fix(context): Copy() copies Errors and Accepted fields
  [feature] pr#4655   churn=87   2026-06-02  feat(context): add Scheme() with proper reverse proxy support
  [bug    ] pr#4645   churn=30   2026-06-02  fix(response): panic on Hijack/CloseNotify when wrapper unsuppor
  [feature] pr#4549   churn=16   2026-02-27  chore(binding): upgrade bson dependency to mongo-driver v2
  [feature] pr#4547   churn=36   2026-02-27  logger: allow skipping query string output
  [bug    ] pr#4542   churn=59   2026-02-28  test(context): use http.StatusContinue constant instead of magic
  [bug    ] pr#4535   churn=160  2026-02-28  fix(tree): panic in findCaseInsensitivePathRec with RedirectFixe
  [feature] pr#4511   churn=40   2026-02-13  fix: Correct typos, improve documentation clarity, and remove de
  [feature] pr#4502   churn=26   2026-01-24  chore(context): add GetError and GetErrorSlice methods
  [bug    ] pr#4491   churn=76   2026-02-28  render: add PDF renderer and tests
  [bug    ] pr#4472   churn=34   2026-01-02  fix(context): ClientIP handling for multiple X-Forwarded-For hea

# wrote 18 candidates -> results/mining/gin-gonic__gin.0924.cands.json
