59 java candidates, 39 already done

  [FAIL] FasterXML__jackson-databind__pr6238 multi_site f2p=0 
  [OK  ] FasterXML__jackson-databind__pr6215 multi_site f2p=3 
  [FAIL] FasterXML__jackson-databind__pr6209 multi_site f2p=0 
  [FAIL] FasterXML__jackson-databind__pr6191 multi_site f2p=0 
  [FAIL] FasterXML__jackson-databind__pr6189 multi_site f2p=0 
  [OK  ] FasterXML__jackson-databind__pr6186 localized  f2p=1 
  [FAIL] FasterXML__jackson-databind__pr6181 multi_site f2p=0 
  [FAIL] FasterXML__jackson-databind__pr6176 localized  f2p=0 
  [OK  ] FasterXML__jackson-databind__pr6155 localized  f2p=1 
  [FAIL] FasterXML__jackson-databind__pr6143 localized  f2p=0 
  [OK  ] FasterXML__jackson-databind__pr6138 localized  f2p=2 
  [FAIL] FasterXML__jackson-databind__pr6135 localized  f2p=0 
  [FAIL] FasterXML__jackson-databind__pr6124 localized  f2p=0 
  (skip) FasterXML__jackson-databind__pr6102
  (skip) FasterXML__jackson-databind__pr6076
  (skip) FasterXML__jackson-databind__pr6061
  (skip) FasterXML__jackson-databind__pr6056
  (skip) FasterXML__jackson-databind__pr6052
  (skip) FasterXML__jackson-databind__pr6047
  (skip) FasterXML__jackson-databind__pr6044
  (skip) FasterXML__jackson-databind__pr6042
  (skip) FasterXML__jackson-databind__pr6039
  (skip) FasterXML__jackson-databind__pr6035
  (skip) FasterXML__jackson-databind__pr6030
  (skip) FasterXML__jackson-databind__pr6019
  (skip) FasterXML__jackson-databind__pr6018
  (skip) FasterXML__jackson-databind__pr6012
  (skip) FasterXML__jackson-databind__pr6008
