136 java candidates, 84 already done

  (skip) FasterXML__jackson-databind__pr6238
  (skip) FasterXML__jackson-databind__pr6215
  (skip) FasterXML__jackson-databind__pr6209
  (skip) FasterXML__jackson-databind__pr6191
  (skip) FasterXML__jackson-databind__pr6189
  (skip) FasterXML__jackson-databind__pr6186
  (skip) FasterXML__jackson-databind__pr6181
  (skip) FasterXML__jackson-databind__pr6176
  (skip) FasterXML__jackson-databind__pr6155
  (skip) FasterXML__jackson-databind__pr6143
  (skip) FasterXML__jackson-databind__pr6138
  (skip) FasterXML__jackson-databind__pr6135
  (skip) FasterXML__jackson-databind__pr6124
  (skip) FasterXML__jackson-databind__pr6102
  (skip) FasterXML__jackson-databind__pr6076
  (skip) FasterXML__jackson-databind__pr6061
  (skip) FasterXML__jackson-databind__pr6056
  (skip) FasterXML__jackson-databind__pr6052
  (skip) FasterXML__jackson-databind__pr6047
  (skip) FasterXML__jackson-databind__pr6044
  (skip) FasterXML__jackson-databind__pr6042
  (skip) FasterXML__jackson-databind__pr6039
  (skip) FasterXML__jackson-databind__pr6035
  (skip) FasterXML__jackson-databind__pr6030
  (skip) FasterXML__jackson-databind__pr6019
  (skip) FasterXML__jackson-databind__pr6018
  (skip) FasterXML__jackson-databind__pr6012
  (skip) FasterXML__jackson-databind__pr6008
  [OK  ] FasterXML__jackson-databind__pr5994 multi_site f2p=1 
  [OK  ] FasterXML__jackson-databind__pr5983 localized  f2p=2 
  [OK  ] FasterXML__jackson-databind__pr5977 localized  f2p=1 
  [OK  ] FasterXML__jackson-databind__pr5976 multi_site f2p=4 
  [OK  ] FasterXML__jackson-databind__pr5964 localized  f2p=1 
  [OK  ] FasterXML__jackson-databind__pr5959 localized  f2p=1 
  [OK  ] FasterXML__jackson-databind__pr5953 multi_site f2p=4 
  [OK  ] FasterXML__jackson-databind__pr5947 localized  f2p=1 
  [OK  ] FasterXML__jackson-databind__pr5943 localized  f2p=1 
  (skip) google__gson__pr3116
  (skip) google__gson__pr3112
  (skip) google__gson__pr3102
  (skip) google__gson__pr3098
  (skip) google__gson__pr3067
  (skip) google__gson__pr3061
  (skip) google__gson__pr3059
  (skip) google__gson__pr3057
  (skip) google__gson__pr3000
  (skip) google__gson__pr2951
  (skip) FasterXML__jackson-dataformat-xml__pr885
  (skip) FasterXML__jackson-dataformat-xml__pr860
  (skip) FasterXML__jackson-dataformat-xml__pr858
  (skip) FasterXML__jackson-dataformat-xml__pr856
  (skip) FasterXML__jackson-dataformat-xml__pr852
  (skip) FasterXML__jackson-dataformat-xml__pr848
  (skip) FasterXML__jackson-dataformat-xml__pr841
  (skip) FasterXML__jackson-dataformat-xml__pr837
  (skip) FasterXML__jackson-dataformat-xml__pr831
  (skip) FasterXML__jackson-dataformat-xml__pr829
  (skip) FasterXML__jackson-dataformat-xml__pr827
  (skip) FasterXML__jackson-dataformat-xml__pr826
  (skip) FasterXML__jackson-dataformat-xml__pr825
  (skip) FasterXML__jackson-dataformat-xml__pr822
  (skip) FasterXML__jackson-dataformat-xml__pr821
  (skip) FasterXML__jackson-dataformat-xml__pr819
  (skip) FasterXML__jackson-dataformat-xml__pr818
  (skip) FasterXML__jackson-dataformat-xml__pr817
  (skip) FasterXML__jackson-dataformat-xml__pr812
  (skip) FasterXML__jackson-dataformat-xml__pr809
  [FAIL] GoogleContainerTools__jib__pr4509  multi_site f2p=0 
  (skip) apache__dubbo__pr16416
  (skip) apache__dubbo__pr16395
  (skip) apache__dubbo__pr16391
  (skip) apache__dubbo__pr16374
  (skip) apache__dubbo__pr16350
  (skip) apache__dubbo__pr16348
  (skip) apache__dubbo__pr16325
