50 go candidates, 19 already done

  go-chi__chi__pr1159: valid=True stable=True f2p=1 before=2 after=2
  go-chi__chi__pr1158: valid=True stable=True f2p=1 before=1 after=1
  go-chi__chi__pr1148: valid=True stable=True f2p=1 before=4 after=4
  go-chi__chi__pr1131: valid=False stable=True f2p=0 before=1 after=1
  go-chi__chi__pr1097: valid=False stable=True f2p=0 before=1 after=1
  go-chi__chi__pr1085: valid=True stable=True f2p=1 before=2 after=2
  go-chi__chi__pr1050: valid=False stable=True f2p=0 before=1 after=1
  labstack__echo__pr3060: valid=False stable=True f2p=0 before=0 after=7
  labstack__echo__pr3043: valid=False stable=True f2p=0 before=1 after=1
  labstack__echo__pr3006: valid=True stable=True f2p=1 before=2 after=2
  labstack__echo__pr3005: valid=True stable=True f2p=5 before=5 after=5
  labstack__echo__pr3004: valid=False stable=True f2p=0 before=0 after=2
  labstack__echo__pr2977: valid=True stable=True f2p=2 before=2 after=2
  urfave__cli__pr2440: valid=True stable=True f2p=1 before=1 after=1
  urfave__cli__pr2437: valid=True stable=True f2p=2 before=3 after=3
  urfave__cli__pr2434: valid=True stable=True f2p=1 before=1 after=1
  urfave__cli__pr2426: valid=True stable=True f2p=1 before=4 after=4
  urfave__cli__pr2421: valid=True stable=True f2p=1 before=1 after=1
  urfave__cli__pr2419: valid=True stable=True f2p=1 before=1 after=1
  urfave__cli__pr2412: valid=False stable=True f2p=0 before=0 after=4
  urfave__cli__pr2403: valid=True stable=True f2p=2 before=2 after=2
  urfave__cli__pr2395: valid=True stable=True f2p=2 before=3 after=3
  urfave__cli__pr2386: valid=True stable=True f2p=1 before=1 after=1
  urfave__cli__pr2374: valid=False stable=True f2p=0 before=0 after=3
  urfave__cli__pr2363: valid=True stable=True f2p=1 before=2 after=2
  urfave__cli__pr2355: valid=True stable=True f2p=1 before=1 after=1
  urfave__cli__pr2350: valid=True stable=True f2p=1 before=1 after=1
  urfave__cli__pr2349: valid=True stable=True f2p=3 before=3 after=3
  urfave__cli__pr2339: valid=False stable=True f2p=0 before=3 after=3
  urfave__cli__pr2330: valid=False stable=True f2p=0 before=0 after=3
  urfave__cli__pr2329: valid=True stable=True f2p=1 before=2 after=2
  urfave__cli__pr2322: valid=True stable=True f2p=3 before=3 after=3
  urfave__cli__pr2321: valid=True stable=True f2p=1 before=1 after=1
  urfave__cli__pr2319: valid=True stable=True f2p=1 before=1 after=1
  urfave__cli__pr2316: valid=True stable=True f2p=4 before=4 after=4
  urfave__cli__pr2311: valid=True stable=True f2p=1 before=2 after=2
  urfave__cli__pr2310: valid=True stable=True f2p=1 before=2 after=2
  urfave__cli__pr2309: valid=True stable=True f2p=1 before=1 after=1
  urfave__cli__pr2297: valid=True stable=True f2p=2 before=3 after=3
  urfave__cli__pr2296: valid=True stable=True f2p=1 before=1 after=1
  urfave__cli__pr2295: valid=True stable=True f2p=1 before=1 after=1
  urfave__cli__pr2290: valid=True stable=True f2p=1 before=1 after=1
  urfave__cli__pr2280: valid=True stable=True f2p=1 before=2 after=2
  urfave__cli__pr2279: valid=True stable=True f2p=6 before=8 after=8
  urfave__cli__pr2274: valid=True stable=True f2p=1 before=1 after=1
  urfave__cli__pr2269: valid=True stable=True f2p=1 before=1 after=1
  urfave__cli__pr2266: valid=True stable=True f2p=1 before=2 after=2
  urfave__cli__pr2255: valid=True stable=True f2p=1 before=1 after=1
  urfave__cli__pr2245: valid=True stable=True f2p=1 before=3 after=3
