61 java candidates, 39 already done

  [OK  ] FasterXML__jackson-dataformat-xml__pr885 multi_site f2p=2 
  [FAIL] FasterXML__jackson-dataformat-xml__pr860 multi_site f2p=0 
  [FAIL] FasterXML__jackson-dataformat-xml__pr858 multi_site f2p=0 
  [FAIL] FasterXML__jackson-dataformat-xml__pr856 multi_site f2p=0 
  [FAIL] FasterXML__jackson-dataformat-xml__pr852 multi_site f2p=0 
  [FAIL] FasterXML__jackson-dataformat-xml__pr848 multi_site f2p=0 
  [FAIL] FasterXML__jackson-dataformat-xml__pr841 multi_site f2p=0 
  [FAIL] FasterXML__jackson-dataformat-xml__pr837 multi_site f2p=0 
  [FAIL] FasterXML__jackson-dataformat-xml__pr831 multi_site f2p=0 
  [OK  ] FasterXML__jackson-dataformat-xml__pr829 localized  f2p=4 
  [OK  ] FasterXML__jackson-dataformat-xml__pr827 localized  f2p=2 
  [FAIL] FasterXML__jackson-dataformat-xml__pr826 localized  f2p=0 
  [OK  ] FasterXML__jackson-dataformat-xml__pr825 localized  f2p=3 
  [OK  ] FasterXML__jackson-dataformat-xml__pr822 multi_site f2p=3 
  [OK  ] FasterXML__jackson-dataformat-xml__pr821 localized  f2p=1 
  [OK  ] FasterXML__jackson-dataformat-xml__pr819 multi_site f2p=1 
  [FAIL] FasterXML__jackson-dataformat-xml__pr818 localized  f2p=0 
  [OK  ] FasterXML__jackson-dataformat-xml__pr817 localized  f2p=3 
  [FAIL] FasterXML__jackson-dataformat-xml__pr812 multi_site f2p=0 
  [FAIL] FasterXML__jackson-dataformat-xml__pr809 multi_site f2p=0 
  [OK  ] google__gson__pr3116               localized  f2p=1 
  [OK  ] google__gson__pr3112               localized  f2p=3 
  [FAIL] google__gson__pr3102               multi_site f2p=0 
  [OK  ] google__gson__pr3098               multi_site f2p=7 
  [OK  ] google__gson__pr3067               localized  f2p=1 
  [FAIL] google__gson__pr3061               localized  f2p=0 
  [OK  ] google__gson__pr3059               localized  f2p=1 
  [OK  ] google__gson__pr3057               multi_site f2p=2 
  [OK  ] google__gson__pr3000               localized  f2p=3 
  [FAIL] google__gson__pr2951               multi_site f2p=0 
  [FAIL] apache__commons-lang__pr1751       localized  f2p=0 
  (skip) apache__commons-lang__pr1750
