# 36 candidate 2026 tasks in urfave/cli (of 200 scanned)

  [bug    ] pr#2440   churn=25   2026-09-24  fix: set BoolWithInverseFlag in a short option group
  [bug    ] pr#2437   churn=115  2026-09-26  fix: complete persistent flags in shell completion
  [bug    ] pr#2434   churn=27   2026-09-20  fix: parse single-rune Unicode flags
  [bug    ] pr#2426   churn=132  2026-09-14  fix: complete subcommand flags after positional arguments
  [bug    ] pr#2421   churn=55   2026-09-04  Show inherited persistent flags in child help
  [bug    ] pr#2419   churn=79   2026-09-24  Keep arguments after a bare dash
  [bug    ] pr#2412   churn=152  2026-09-04  fix: never run command action on shell completion past a double 
  [bug    ] pr#2403   churn=13   2026-08-15  fix: honor BoolWithInverseFlag DefaultText
  [bug    ] pr#2395   churn=78   2026-08-16  fix: inherit HideHelpCommand in subcommands
  [bug    ] pr#2386   churn=58   2026-08-16  Fix Issue #2385
  [bug    ] pr#2374   churn=45   2026-06-28  fix: keep completion subcommand order deterministic in help outp
  [bug    ] pr#2363   churn=51   2026-06-14  fix: skip After hook when help is displayed on subcommand
  [bug    ] pr#2355   churn=61   2026-06-07  Honor env sources on duplicated flags
  [bug    ] pr#2350   churn=56   2026-06-11  Let custom flags use version aliases
  [bug    ] pr#2349   churn=115  2026-06-11  Run Before hooks before shell completion
  [bug    ] pr#2339   churn=36   2026-05-24  Fix typos
  [bug    ] pr#2330   churn=80   2026-06-28  v3: yield the version flag's -v alias to a user-defined flag
  [bug    ] pr#2329   churn=53   2026-05-24  inherit Reader/Writer/ErrWriter from parent on subcommand setup
  [bug    ] pr#2322   churn=115  2026-06-28  fix: allow DefaultCommand to handle its own flags
  [bug    ] pr#2321   churn=48   2026-05-09  fix: show BoolWithInverseFlag aliases in help text
  [bug    ] pr#2319   churn=39   2026-05-03  fix: parse flags for help subcommand (#2271)
  [bug    ] pr#2316   churn=81   2026-04-18  fix: show flag completions when completing a double-dash prefix
  [bug    ] pr#2311   churn=31   2026-04-16  flag: prevent BoolWithInverseFlag.String from panicking without 
  [bug    ] pr#2310   churn=36   2026-04-16  fix: don't print empty line to stderr when Exit message is empty
  [bug    ] pr#2309   churn=19   2026-04-16  fix: apply SliceFlagSeparator to env var sources
  [bug    ] pr#2297   churn=50   2026-03-25  Fix:(issue_2293) --flag="" no longer rejected as missing argumen
  [bug    ] pr#2296   churn=58   2026-03-25  Fix:(issue_2292) Empty positional args no longer break parse loo
  [bug    ] pr#2295   churn=69   2026-03-25  Fix:(issue_2275) Make flag action execution consistent
  [bug    ] pr#2290   churn=35   2026-03-24  Fix:(issue_2281) Remove incorrect check for local flag for set
  [bug    ] pr#2280   churn=33   2026-05-16  Fix 2257 - Remove incorrect flag check
  [bug    ] pr#2279   churn=193  2026-05-16  Improve the completion command to handle flags and arguments pro
  [bug    ] pr#2274   churn=135  2026-03-13  Fix: check MutuallyExclusiveFlags across parent command chain
  [bug    ] pr#2269   churn=49   2026-03-01  fix(help): show GLOBAL OPTIONS for leaf subcommands when HideHel
  [bug    ] pr#2266   churn=42   2026-02-23  Fix: propagate MutuallyExclusiveFlags persistent flags to subcom
  [bug    ] pr#2255   churn=28   2026-02-21  Fix:(issue_2254) Fix incorrect handling of arg after short optio
  [bug    ] pr#2245   churn=36   2026-01-18  Fix:(issue_2244) Dont check req flags for help and completion co

# wrote 36 candidates -> results/mining/urfave__cli.0926.cands.json
