[2026-09-28 00:25:18] starting: 32 tasks, 0 already done
[2026-09-28 00:25:18] -- wide__chi__Routes_Match (go) --
[2026-09-28 00:29:16]    native resolved=True tokens=520534 | prism resolved=True tokens=495591 prism_calls=7
[2026-09-28 00:29:16] -- wide__click__Command_invoke (python) --
[2026-09-28 00:40:20]    native resolved=True tokens=1265230 | prism resolved=True tokens=1602898 prism_calls=12
[2026-09-28 00:40:20] -- wide__h3__EventStream_push (ts) --
[2026-09-28 00:44:03]    native resolved=False tokens=823766 | prism resolved=False tokens=1713989 prism_calls=3 [FLAGGED]
[2026-09-28 00:44:03] -- wide__werkzeug__HTTPException_get_headers (python) --
[2026-09-28 00:49:35]    native resolved=True tokens=617740 | prism resolved=True tokens=1606832 prism_calls=7 [FLAGGED]
[2026-09-28 00:49:35] -- wide__click__ClickException_format_message (python) --
[2026-09-28 00:51:38]    native resolved=True tokens=341398 | prism resolved=True tokens=508868 prism_calls=4
[2026-09-28 00:51:38] -- wide__rich__Highlighter_highlight (python) --
[2026-09-28 00:55:44]    native resolved=True tokens=1096999 | prism resolved=True tokens=1771075 prism_calls=4 [FLAGGED]
[2026-09-28 00:55:44] -- wide__werkzeug__BaseConverter_to_url (python) --
[2026-09-28 01:01:55]    native resolved=True tokens=816992 | prism resolved=True tokens=1471683 prism_calls=3 [FLAGGED]
[2026-09-28 01:01:55] -- wide__jackson-databind__TypeDeserializer_getTypeInclusion (java) --
[2026-09-28 01:11:34]    native resolved=True tokens=882514 | prism resolved=True tokens=1195701 prism_calls=3
[2026-09-28 01:11:34] -- wide__gin__ResponseWriter_Status (go) --
[2026-09-28 01:14:24]    native resolved=True tokens=566292 | prism resolved=True tokens=850005 prism_calls=6 [FLAGGED]
[2026-09-28 01:14:24] -- wide__h3__H3Route_handler (ts) --
[2026-09-28 01:19:24]    native resolved=True tokens=2409527 | prism resolved=True tokens=1869776 prism_calls=14
[2026-09-28 01:19:24] -- wide__click__Group_get_command (python) --
[2026-09-28 01:23:06]    native resolved=False tokens=1000914 | prism resolved=True tokens=639298 prism_calls=2 [FLAGGED]
[2026-09-28 01:23:06] -- wide__hono__SetHeadersOptions_append (ts) --
[2026-09-28 01:26:51]    native resolved=True tokens=439943 | prism resolved=True tokens=1201244 prism_calls=2 [FLAGGED]
[2026-09-28 01:26:51] -- wide__echo__HTTPStatusCoder_StatusCode (go) --
[2026-09-28 01:29:54]    native resolved=False tokens=833160 | prism resolved=False tokens=1040151 prism_calls=3
[2026-09-28 01:29:54] -- wide__rich__ProgressColumn_render (python) --
[2026-09-28 01:33:05]    native resolved=True tokens=711621 | prism resolved=True tokens=1300905 prism_calls=14 [FLAGGED]
[2026-09-28 01:33:05] -- wide__hono__Hono_basePath (ts) --
[2026-09-28 01:36:30]    native resolved=True tokens=822734 | prism resolved=False tokens=662254 prism_calls=4 [FLAGGED]
[2026-09-28 01:36:30] -- wide__werkzeug__Response_get_data (python) --
[2026-09-28 01:48:37]    native resolved=True tokens=1730605 | prism resolved=True tokens=1280286 prism_calls=6
[2026-09-28 01:48:37] -- wide__hono__ConnInfo_remote (ts) --
[2026-09-28 01:54:43]    native resolved=True tokens=973401 | prism resolved=True tokens=1418308 prism_calls=5
[2026-09-28 01:54:43] -- wide__jackson-databind__TypeDeserializer_forProperty (java) --
[2026-09-28 02:04:38]    native resolved=True tokens=611235 | prism resolved=True tokens=589765 prism_calls=8
[2026-09-28 02:04:38] -- wide__jackson-databind__ResolvableDeserializer_resolve (java) --
[2026-09-28 02:17:55]    native resolved=True tokens=1573867 | prism resolved=True tokens=1190481 prism_calls=7
[2026-09-28 02:17:55] -- wide__cli__Flag_ValueFromContext (go) --
[2026-09-28 02:19:10]    native resolved=False tokens=371054 | prism resolved=True tokens=397403 prism_calls=1 [FLAGGED]
[2026-09-28 02:19:10] -- wide__jackson-databind__SettableBeanProperty_set (java) --
[2026-09-28 02:31:18]    native resolved=True tokens=90224 | prism resolved=False tokens=1150446 prism_calls=6 [FLAGGED]
[2026-09-28 02:31:18] -- wide__hono__Router_match (ts) --
[2026-09-28 02:38:42]    native resolved=True tokens=1600544 | prism resolved=False tokens=1943861 prism_calls=5 [FLAGGED]
[2026-09-28 02:38:42] -- wide__gin__Binding_Name (go) --
[2026-09-28 02:43:01]    native resolved=True tokens=1260913 | prism resolved=True tokens=1060794 prism_calls=12
[2026-09-28 02:43:01] -- wide__cli__Command_Subcommands (go) --
[2026-09-28 02:45:36]    native resolved=True tokens=509314 | prism resolved=True tokens=1453636 prism_calls=7 [FLAGGED]
[2026-09-28 02:45:36] -- wide__zod__ZodRegistry_get (ts) --
[2026-09-28 02:55:15]    native resolved=True tokens=3054058 | prism resolved=True tokens=5342709 prism_calls=5 [FLAGGED]
[2026-09-28 02:55:15] -- wide__echo__Router_Route (go) --
[2026-09-28 02:57:56]    native resolved=True tokens=695013 | prism resolved=True tokens=932348 prism_calls=2
[2026-09-28 02:57:56] -- wide__jackson-core__BufferRecyclerPool (java) --
[2026-09-28 03:02:40]    native resolved=True tokens=787107 | prism resolved=True tokens=2060209 prism_calls=3 [FLAGGED]
[2026-09-28 03:02:40] -- wide__zod__ZodTypeInternals_parse (ts) --
[2026-09-28 03:08:09]    native resolved=True tokens=1723888 | prism resolved=True tokens=1528408 prism_calls=7
[2026-09-28 03:08:09] -- wide__jackson-databind__ContextualSerializer_createContextual (java) --
[2026-09-28 03:21:52]    native resolved=True tokens=590142 | prism resolved=True tokens=109052 prism_calls=2 [FLAGGED]
[2026-09-28 03:21:52] -- wide__jackson-databind__ContextualDeserializer_createContextual (java) --
[2026-09-28 03:34:11]    native resolved=True tokens=1584681 | prism resolved=True tokens=1547971 prism_calls=3
[2026-09-28 03:34:11] -- wide__jackson-databind__JsonSerializer_isEmpty (java) --
[2026-09-28 03:44:36]    native resolved=True tokens=1277746 | prism resolved=True tokens=766297 prism_calls=7 [FLAGGED]
[2026-09-28 03:44:36] -- wide__jackson-databind__JsonParser_getCurrentToken (java) --
[2026-09-28 03:51:20]    native resolved=True tokens=481934 | prism resolved=True tokens=823951 prism_calls=8 [FLAGGED]
[2026-09-28 03:51:20] DONE: 32/32 tasks, 18 flagged (0 non-adoption, 18 real)
