[2026-09-20 21:34:49] starting: 50 tasks, 0 already done
[2026-09-20 21:34:49] -- gin-gonic__gin__pr4695 (go) --
[2026-09-20 21:36:35]    native resolved=True tokens=133382 | prism resolved=True tokens=227842 prism_calls=2 [FLAGGED]
[2026-09-20 21:36:35] -- gin-gonic__gin__pr4698 (go) --
[2026-09-20 21:38:30]    native resolved=True tokens=529963 | prism resolved=True tokens=339699 prism_calls=2 [FLAGGED]
[2026-09-20 21:38:30] -- Textualize__rich__pr3882 (python) --
[2026-09-20 21:39:05]    native resolved=True tokens=303932 | prism resolved=True tokens=108253 prism_calls=1 [FLAGGED]
[2026-09-20 21:39:05] -- psf__requests__pr7315 (python) --
[2026-09-20 21:49:02]    native resolved=False tokens=1487583 | prism resolved=True tokens=1829588 prism_calls=7 [FLAGGED]
[2026-09-20 21:49:02] -- gin-gonic__gin__pr4472 (go) --
[2026-09-20 21:50:44]    native resolved=True tokens=278128 | prism resolved=True tokens=225050 prism_calls=2
[2026-09-20 21:50:44] -- akheron__jansson__pr740 (c) --
[2026-09-20 21:51:49]    native resolved=False tokens=402125 | prism resolved=False tokens=410656 prism_calls=4
[2026-09-20 21:51:49] -- gin-gonic__gin__pr4819 (go) --
[2026-09-20 21:55:23]    native resolved=True tokens=236037 | prism resolved=True tokens=198481 prism_calls=1
[2026-09-20 21:55:23] -- pallets__click__pr3466 (python) --
[2026-09-20 22:02:01]    native resolved=True tokens=1551603 | prism resolved=False tokens=1269420 prism_calls=5 [FLAGGED]
[2026-09-20 22:02:01] -- pallets__click__pr3471 (python) --
[2026-09-20 22:06:19]    native resolved=False tokens=495946 | prism resolved=True tokens=522035 prism_calls=2 [FLAGGED]
[2026-09-20 22:06:19] -- FasterXML__jackson-databind__pr6012 (java) --
[2026-09-20 22:11:22]    native resolved=True tokens=502039 | prism resolved=True tokens=397953 prism_calls=3
[2026-09-20 22:11:22] -- apache__commons-lang__pr1631 (java) --
[2026-09-20 22:12:39]    native resolved=True tokens=133947 | prism resolved=False tokens=188806 prism_calls=1 [FLAGGED]
[2026-09-20 22:12:39] -- FasterXML__jackson-databind__pr6030 (java) --
[2026-09-20 22:20:09]    native resolved=False tokens=1235018 | prism resolved=True tokens=499866 prism_calls=3 [FLAGGED]
[2026-09-20 22:20:09] -- FasterXML__jackson-databind__pr6102 (java) --
[2026-09-20 22:22:06]    native resolved=True tokens=439545 | prism resolved=True tokens=255917 prism_calls=1 [FLAGGED]
[2026-09-20 22:22:06] -- FasterXML__jackson-databind__pr6052 (java) --
[2026-09-20 22:25:39]    native resolved=False tokens=1150776 | prism resolved=False tokens=378915 prism_calls=3 [FLAGGED]
[2026-09-20 22:25:39] -- FasterXML__jackson-databind__pr6105 (java) --
[2026-09-20 22:37:15]    native resolved=False tokens=1632020 | prism resolved=True tokens=634020 prism_calls=0 [FLAGGED]
[2026-09-20 22:37:15] -- expressjs__express__pr7459 (js) --
[2026-09-20 22:38:45]    native resolved=True tokens=430328 | prism resolved=True tokens=276520 prism_calls=1 [FLAGGED]
[2026-09-20 22:38:45] -- pallets__click__pr3534 (python) --
[2026-09-20 22:42:40]    native resolved=True tokens=496373 | prism resolved=True tokens=432917 prism_calls=3
[2026-09-20 22:42:40] -- FasterXML__jackson-databind__pr6056 (java) --
[2026-09-20 22:45:32]    native resolved=True tokens=416619 | prism resolved=True tokens=683551 prism_calls=4 [FLAGGED]
[2026-09-20 22:45:32] -- apache__commons-lang__pr1670 (java) --
[2026-09-20 23:00:46]    native resolved=True tokens=1286657 | prism resolved=False tokens=341070 prism_calls=1 [FLAGGED]
[2026-09-20 23:00:46] -- FasterXML__jackson-databind__pr6039 (java) --
[2026-09-20 23:11:13]    native resolved=True tokens=3261009 | prism resolved=True tokens=987290 prism_calls=3 [FLAGGED]
[2026-09-20 23:11:13] -- apache__commons-lang__pr1699 (java) --
[2026-09-20 23:12:09]    native resolved=True tokens=240308 | prism resolved=False tokens=110583 prism_calls=1 [FLAGGED]
[2026-09-20 23:12:09] -- FasterXML__jackson-databind__pr6042 (java) --
[2026-09-20 23:15:08]    native resolved=True tokens=604789 | prism resolved=True tokens=429047 prism_calls=1
[2026-09-20 23:15:08] -- gin-gonic__gin__pr4805 (go) --
[2026-09-20 23:20:14]    native resolved=False tokens=484012 | prism resolved=False tokens=700080 prism_calls=6
[2026-09-20 23:20:14] -- gin-gonic__gin__pr4702 (go) --
[2026-09-20 23:21:49]    native resolved=True tokens=204021 | prism resolved=True tokens=184069 prism_calls=1
[2026-09-20 23:21:49] -- FasterXML__jackson-databind__pr6047 (java) --
[2026-09-20 23:23:39]    native resolved=True tokens=351583 | prism resolved=True tokens=242639 prism_calls=2
[2026-09-20 23:23:39] -- pallets__click__pr3482 (python) --
[2026-09-20 23:29:18]    native resolved=True tokens=795140 | prism resolved=True tokens=1109220 prism_calls=4
[2026-09-20 23:29:18] -- pallets__click__pr3493 (python) --
[2026-09-20 23:33:00]    native resolved=True tokens=315706 | prism resolved=True tokens=393760 prism_calls=1
[2026-09-20 23:33:00] -- pallets__click__pr3434 (python) --
[2026-09-20 23:36:25]    native resolved=True tokens=432286 | prism resolved=False tokens=309766 prism_calls=2 [FLAGGED]
[2026-09-20 23:36:25] -- apache__commons-lang__pr1720 (java) --
[2026-09-20 23:38:47]    native resolved=True tokens=556859 | prism resolved=False tokens=374280 prism_calls=4 [FLAGGED]
[2026-09-20 23:38:47] -- apache__commons-lang__pr1713 (java) --
[2026-09-20 23:43:18]    native resolved=True tokens=522918 | prism resolved=False tokens=464377 prism_calls=2 [FLAGGED]
[2026-09-20 23:43:18] -- FasterXML__jackson-databind__pr6019 (java) --
[2026-09-20 23:54:31]    native resolved=True tokens=1498986 | prism resolved=False tokens=3683322 prism_calls=10 [FLAGGED]
[2026-09-20 23:54:31] -- FasterXML__jackson-databind__pr6099 (java) --
[2026-09-20 23:57:10]    native resolved=True tokens=274336 | prism resolved=True tokens=648723 prism_calls=5 [FLAGGED]
[2026-09-20 23:57:10] -- gin-gonic__gin__pr4535 (go) --
[2026-09-20 23:58:50]    native resolved=False tokens=274591 | prism resolved=False tokens=152053 prism_calls=1 [FLAGGED]
[2026-09-20 23:58:50] -- apache__commons-lang__pr1733 (java) --
[2026-09-21 00:00:29]    native resolved=True tokens=398158 | prism resolved=False tokens=286125 prism_calls=2 [FLAGGED]
[2026-09-21 00:00:29] -- pallets__click__pr3653 (python) --
[2026-09-21 00:07:01]    native resolved=True tokens=890508 | prism resolved=True tokens=1746444 prism_calls=5 [FLAGGED]
[2026-09-21 00:07:01] -- apache__commons-lang__pr1703 (java) --
[2026-09-21 00:15:24]    native resolved=False tokens=548397 | prism resolved=False tokens=572659 prism_calls=2
[2026-09-21 00:15:24] -- pallets__click__pr3504 (python) --
[2026-09-21 00:22:08]    native resolved=False tokens=2605764 | prism resolved=False tokens=619983 prism_calls=2 [FLAGGED]
[2026-09-21 00:22:08] -- FasterXML__jackson-databind__pr6061 (java) --
[2026-09-21 00:25:43]    native resolved=True tokens=560613 | prism resolved=False tokens=958698 prism_calls=1 [FLAGGED]
[2026-09-21 00:25:43] -- apache__commons-lang__pr1591 (java) --
[2026-09-21 00:31:32]    native resolved=True tokens=364555 | prism resolved=False tokens=427915 prism_calls=2 [FLAGGED]
[2026-09-21 00:31:32] -- apache__commons-lang__pr1655 (java) --
[2026-09-21 00:33:36]    native resolved=False tokens=250118 | prism resolved=False tokens=368448 prism_calls=4
[2026-09-21 00:33:36] -- apache__commons-lang__pr1709 (java) --
[2026-09-21 00:37:59]    native resolved=True tokens=449172 | prism resolved=False tokens=501837 prism_calls=8 [FLAGGED]
[2026-09-21 00:37:59] -- FasterXML__jackson-databind__pr6044 (java) --
[2026-09-21 00:43:59]    native resolved=False tokens=1067075 | prism resolved=False tokens=1292746 prism_calls=4
[2026-09-21 00:43:59] -- apache__commons-lang__pr1750 (java) --
[2026-09-21 00:45:31]    native resolved=False tokens=168153 | prism resolved=False tokens=334526 prism_calls=1 [FLAGGED]
[2026-09-21 00:45:31] -- FasterXML__jackson-databind__pr6018 (java) --
[2026-09-21 00:51:14]    native resolved=False tokens=898535 | prism resolved=False tokens=1094496 prism_calls=6
[2026-09-21 00:51:14] -- pallets__click__pr3678 (python) --
[2026-09-21 00:57:35]    native resolved=False tokens=691191 | prism resolved=False tokens=976039 prism_calls=2
[2026-09-21 00:57:35] -- akheron__jansson__pr741 (c) --
[2026-09-21 01:02:05]    native resolved=True tokens=1531802 | prism resolved=True tokens=1844212 prism_calls=4
[2026-09-21 01:02:05] -- pallets__click__pr3473 (python) --
[2026-09-21 01:07:50]    native resolved=False tokens=1242731 | prism resolved=False tokens=1319659 prism_calls=6
[2026-09-21 01:07:50] -- akheron__jansson__pr731 (c) --
[2026-09-21 01:11:27]    native resolved=True tokens=1334737 | prism resolved=True tokens=1419663 prism_calls=1
[2026-09-21 01:11:27] -- FasterXML__jackson-databind__pr6008 (java) --
[2026-09-21 01:20:15]    native resolved=False tokens=1825315 | prism resolved=True tokens=1304250 prism_calls=5 [FLAGGED]
[2026-09-21 01:20:15] -- FasterXML__jackson-databind__pr6076 (java) --
[2026-09-21 01:34:24]    native resolved=False tokens=2121553 | prism resolved=False tokens=4911244 prism_calls=7 [FLAGGED]
[2026-09-21 01:34:24] DONE: 50/50 tasks, 31 flagged (1 non-adoption, 30 real)
