[2026-09-25 07:56:43] starting: 50 tasks, 0 already done
[2026-09-25 07:56:43] -- gin-gonic__gin__pr4695 (go) --
[2026-09-25 07:57:49]    native resolved=True tokens=201592 | prism resolved=True tokens=224573 prism_calls=2
[2026-09-25 07:57:49] -- gin-gonic__gin__pr4698 (go) --
[2026-09-25 07:59:17]    native resolved=True tokens=219652 | prism resolved=True tokens=228079 prism_calls=2
[2026-09-25 07:59:17] -- Textualize__rich__pr3882 (python) --
[2026-09-25 08:00:24]    native resolved=True tokens=312672 | prism resolved=True tokens=352829 prism_calls=1
[2026-09-25 08:00:24] -- psf__requests__pr7315 (python) --
[2026-09-25 08:39:27]    native resolved=False tokens=1302436 | prism resolved=False tokens=2615092 prism_calls=4 [FLAGGED]
[2026-09-25 08:39:27] -- gin-gonic__gin__pr4472 (go) --
[2026-09-25 08:40:35]    native resolved=True tokens=281928 | prism resolved=True tokens=352059 prism_calls=3
[2026-09-25 08:40:35] -- akheron__jansson__pr740 (c) --
[2026-09-25 08:42:42]    native resolved=False tokens=689198 | prism resolved=False tokens=589521 prism_calls=3
[2026-09-25 08:42:42] -- gin-gonic__gin__pr4819 (go) --
[2026-09-25 08:44:27]    native resolved=True tokens=215438 | prism resolved=True tokens=338224 prism_calls=3 [FLAGGED]
[2026-09-25 08:44:27] -- pallets__click__pr3466 (python) --
[2026-09-25 08:51:27]    native resolved=True tokens=1692219 | prism resolved=False tokens=1780681 prism_calls=7 [FLAGGED]
[2026-09-25 08:51:27] -- pallets__click__pr3471 (python) --
[2026-09-25 08:54:32]    native resolved=False tokens=522793 | prism resolved=False tokens=849576 prism_calls=2 [FLAGGED]
[2026-09-25 08:54:32] -- FasterXML__jackson-databind__pr6012 (java) --
[2026-09-25 08:58:19]    native resolved=True tokens=477401 | prism resolved=True tokens=222697 prism_calls=3 [FLAGGED]
[2026-09-25 08:58:19] -- apache__commons-lang__pr1631 (java) --
[2026-09-25 08:59:51]    native resolved=True tokens=132438 | prism resolved=True tokens=262954 prism_calls=2 [FLAGGED]
[2026-09-25 08:59:51] -- FasterXML__jackson-databind__pr6030 (java) --
[2026-09-25 09:04:10]    native resolved=False tokens=983195 | prism resolved=False tokens=714680 prism_calls=7
[2026-09-25 09:04:10] -- FasterXML__jackson-databind__pr6102 (java) --
[2026-09-25 09:08:07]    native resolved=True tokens=958409 | prism resolved=True tokens=483118 prism_calls=1 [FLAGGED]
[2026-09-25 09:08:07] -- FasterXML__jackson-databind__pr6052 (java) --
[2026-09-25 09:11:37]    native resolved=False tokens=436732 | prism resolved=False tokens=982106 prism_calls=4 [FLAGGED]
[2026-09-25 09:11:37] -- FasterXML__jackson-databind__pr6105 (java) --
[2026-09-25 09:21:11]    native resolved=True tokens=741841 | prism resolved=True tokens=987435 prism_calls=1
[2026-09-25 09:21:11] -- expressjs__express__pr7459 (js) --
[2026-09-25 09:22:52]    native resolved=True tokens=360133 | prism resolved=True tokens=290823 prism_calls=1
[2026-09-25 09:22:52] -- pallets__click__pr3534 (python) --
[2026-09-25 09:25:35]    native resolved=True tokens=775593 | prism resolved=False tokens=567840 prism_calls=3 [FLAGGED]
[2026-09-25 09:25:35] -- FasterXML__jackson-databind__pr6056 (java) --
[2026-09-25 09:58:01]    native resolved=True tokens=967727 | prism resolved=False tokens=None prism_calls=0 [FLAGGED]
[2026-09-25 09:58:01] -- apache__commons-lang__pr1670 (java) --
[2026-09-25 10:11:30]    native resolved=True tokens=603344 | prism resolved=True tokens=522943 prism_calls=1
[2026-09-25 10:11:30] -- FasterXML__jackson-databind__pr6039 (java) --
[2026-09-25 10:23:28]    native resolved=True tokens=1197607 | prism resolved=True tokens=1049237 prism_calls=7
[2026-09-25 10:23:28] -- apache__commons-lang__pr1699 (java) --
[2026-09-25 10:25:06]    native resolved=True tokens=172042 | prism resolved=True tokens=300500 prism_calls=1 [FLAGGED]
[2026-09-25 10:25:06] -- FasterXML__jackson-databind__pr6042 (java) --
[2026-09-25 10:39:49]    native resolved=False tokens=4044938 | prism resolved=True tokens=4305487 prism_calls=3 [FLAGGED]
[2026-09-25 10:39:49] -- gin-gonic__gin__pr4805 (go) --
[2026-09-25 10:41:39]    native resolved=False tokens=480521 | prism resolved=False tokens=527488 prism_calls=4
[2026-09-25 10:41:39] -- gin-gonic__gin__pr4702 (go) --
[2026-09-25 10:42:40]    native resolved=True tokens=241097 | prism resolved=False tokens=187155 prism_calls=1 [FLAGGED]
[2026-09-25 10:42:40] -- FasterXML__jackson-databind__pr6047 (java) --
[2026-09-25 10:49:02]    native resolved=True tokens=874254 | prism resolved=True tokens=764762 prism_calls=2
[2026-09-25 10:49:02] -- pallets__click__pr3482 (python) --
[2026-09-25 10:51:49]    native resolved=True tokens=573339 | prism resolved=True tokens=759841 prism_calls=3
[2026-09-25 10:51:49] -- pallets__click__pr3493 (python) --
[2026-09-25 10:53:14]    native resolved=True tokens=392974 | prism resolved=True tokens=341131 prism_calls=2
[2026-09-25 10:53:14] -- pallets__click__pr3434 (python) --
[2026-09-25 10:55:15]    native resolved=True tokens=634867 | prism resolved=False tokens=570993 prism_calls=2 [FLAGGED]
[2026-09-25 10:55:15] -- apache__commons-lang__pr1720 (java) --
[2026-09-25 11:01:19]    native resolved=True tokens=367967 | prism resolved=True tokens=1429391 prism_calls=5 [FLAGGED]
[2026-09-25 11:01:19] -- apache__commons-lang__pr1713 (java) --
[2026-09-25 11:03:41]    native resolved=True tokens=475107 | prism resolved=False tokens=313510 prism_calls=1 [FLAGGED]
[2026-09-25 11:03:41] -- FasterXML__jackson-databind__pr6019 (java) --
[2026-09-25 11:32:41]    native resolved=True tokens=8949920 | prism resolved=True tokens=8506844 prism_calls=13
[2026-09-25 11:32:41] -- FasterXML__jackson-databind__pr6099 (java) --
[2026-09-25 13:35:25] RESUME headline (remaining tasks) with PRISM_INIT_BIN=~/prism-ab-bins/prism-overloads (prism 08290b0b, lookup-overloads); tasks 1-31 used installed v0.82.2
[2026-09-25 13:35:25] starting: 50 tasks, 31 already done
[2026-09-25 13:35:25] -- FasterXML__jackson-databind__pr6099 (java) --
[2026-09-25 21:59:34] starting: 50 tasks, 31 already done
[2026-09-25 21:59:34] -- FasterXML__jackson-databind__pr6099 (java) --
