[2026-09-26 04:04:47] starting: 50 tasks, 0 already done
[2026-09-26 04:04:47] -- gin-gonic__gin__pr4695 (go) --
[2026-09-26 04:06:04]    native resolved=True tokens=310860 | prism resolved=True tokens=223043 prism_calls=2
[2026-09-26 04:06:04] -- gin-gonic__gin__pr4698 (go) --
[2026-09-26 04:07:23]    native resolved=True tokens=178185 | prism resolved=True tokens=267254 prism_calls=3
[2026-09-26 04:07:23] -- Textualize__rich__pr3882 (python) --
[2026-09-26 04:09:13]    native resolved=True tokens=624791 | prism resolved=True tokens=295291 prism_calls=1 [FLAGGED]
[2026-09-26 04:09:13] -- psf__requests__pr7315 (python) --
[2026-09-26 04:18:45]    native resolved=False tokens=1792147 | prism resolved=False tokens=1422477 prism_calls=5
[2026-09-26 04:18:45] -- gin-gonic__gin__pr4472 (go) --
[2026-09-26 04:19:58]    native resolved=True tokens=281451 | prism resolved=True tokens=232828 prism_calls=2
[2026-09-26 04:19:58] -- akheron__jansson__pr740 (c) --
[2026-09-26 04:22:32]    native resolved=False tokens=695473 | prism resolved=False tokens=616582 prism_calls=3
[2026-09-26 04:22:32] -- gin-gonic__gin__pr4819 (go) --
[2026-09-26 04:24:09]    native resolved=True tokens=329771 | prism resolved=True tokens=381492 prism_calls=1
[2026-09-26 04:24:09] -- pallets__click__pr3466 (python) --
[2026-09-26 04:29:25]    native resolved=False tokens=1756029 | prism resolved=True tokens=1548883 prism_calls=4 [FLAGGED]
[2026-09-26 04:29:25] -- pallets__click__pr3471 (python) --
[2026-09-26 04:32:02]    native resolved=False tokens=481986 | prism resolved=False tokens=696326 prism_calls=2
[2026-09-26 04:32:02] -- FasterXML__jackson-databind__pr6012 (java) --
[2026-09-26 04:35:22]    native resolved=True tokens=297052 | prism resolved=True tokens=336892 prism_calls=2
[2026-09-26 04:35:22] -- apache__commons-lang__pr1631 (java) --
[2026-09-26 04:36:43]    native resolved=True tokens=132456 | prism resolved=True tokens=144786 prism_calls=1
[2026-09-26 04:36:43] -- FasterXML__jackson-databind__pr6030 (java) --
[2026-09-26 04:40:32]    native resolved=False tokens=748083 | prism resolved=False tokens=543468 prism_calls=5
[2026-09-26 04:40:32] -- FasterXML__jackson-databind__pr6102 (java) --
[2026-09-26 04:45:20]    native resolved=True tokens=670714 | prism resolved=True tokens=560636 prism_calls=2
[2026-09-26 04:45:20] -- FasterXML__jackson-databind__pr6052 (java) --
[2026-09-26 04:49:41]    native resolved=False tokens=401950 | prism resolved=False tokens=643883 prism_calls=4 [FLAGGED]
[2026-09-26 04:49:41] -- FasterXML__jackson-databind__pr6105 (java) --
[2026-09-26 04:58:18]    native resolved=True tokens=446670 | prism resolved=True tokens=619365 prism_calls=1
[2026-09-26 04:58:18] -- expressjs__express__pr7459 (js) --
[2026-09-26 05:01:09]    native resolved=True tokens=337684 | prism resolved=True tokens=341819 prism_calls=1
[2026-09-26 05:01:09] -- pallets__click__pr3534 (python) --
[2026-09-26 05:03:30]    native resolved=True tokens=407773 | prism resolved=True tokens=507060 prism_calls=3
[2026-09-26 05:03:30] -- FasterXML__jackson-databind__pr6056 (java) --
[2026-09-26 05:11:38]    native resolved=True tokens=2231547 | prism resolved=True tokens=2298727 prism_calls=5
[2026-09-26 05:11:38] -- apache__commons-lang__pr1670 (java) --
[2026-09-26 05:15:52]    native resolved=True tokens=555568 | prism resolved=True tokens=365296 prism_calls=2 [FLAGGED]
[2026-09-26 05:15:52] -- FasterXML__jackson-databind__pr6039 (java) --
[2026-09-26 05:21:29]    native resolved=False tokens=854745 | prism resolved=True tokens=501644 prism_calls=2 [FLAGGED]
[2026-09-26 05:21:29] -- apache__commons-lang__pr1699 (java) --
[2026-09-26 05:23:19]    native resolved=True tokens=245966 | prism resolved=True tokens=260014 prism_calls=1
[2026-09-26 05:23:19] -- FasterXML__jackson-databind__pr6042 (java) --
[2026-09-26 05:32:35]    native resolved=True tokens=1359364 | prism resolved=True tokens=1391614 prism_calls=9
[2026-09-26 05:32:35] -- gin-gonic__gin__pr4805 (go) --
[2026-09-26 05:35:50]    native resolved=False tokens=431868 | prism resolved=False tokens=547751 prism_calls=5
[2026-09-26 05:35:50] -- gin-gonic__gin__pr4702 (go) --
[2026-09-26 05:37:21]    native resolved=True tokens=390942 | prism resolved=False tokens=264331 prism_calls=1 [FLAGGED]
[2026-09-26 05:37:21] -- FasterXML__jackson-databind__pr6047 (java) --
[2026-09-26 05:44:05]    native resolved=True tokens=1053396 | prism resolved=True tokens=1147704 prism_calls=5
[2026-09-26 05:44:05] -- pallets__click__pr3482 (python) --
[2026-09-26 05:46:28]    native resolved=True tokens=608798 | prism resolved=True tokens=435045 prism_calls=3
[2026-09-26 05:46:28] -- pallets__click__pr3493 (python) --
[2026-09-26 05:48:35]    native resolved=True tokens=502270 | prism resolved=True tokens=466537 prism_calls=1
[2026-09-26 05:48:35] -- pallets__click__pr3434 (python) --
[2026-09-26 05:51:13]    native resolved=True tokens=468691 | prism resolved=False tokens=348213 prism_calls=2 [FLAGGED]
[2026-09-26 05:51:13] -- apache__commons-lang__pr1720 (java) --
[2026-09-26 05:55:43]    native resolved=False tokens=861729 | prism resolved=True tokens=578274 prism_calls=4 [FLAGGED]
[2026-09-26 05:55:43] -- apache__commons-lang__pr1713 (java) --
[2026-09-26 06:00:48]    native resolved=True tokens=457071 | prism resolved=True tokens=404785 prism_calls=1
[2026-09-26 06:00:48] -- FasterXML__jackson-databind__pr6019 (java) --
[2026-09-26 06:25:25]    native resolved=True tokens=7219220 | prism resolved=True tokens=5056436 prism_calls=17
[2026-09-26 06:25:25] -- FasterXML__jackson-databind__pr6099 (java) --
[2026-09-26 06:31:42]    native resolved=True tokens=1013807 | prism resolved=True tokens=1064186 prism_calls=6
[2026-09-26 06:31:42] -- gin-gonic__gin__pr4535 (go) --
[2026-09-26 06:36:00]    native resolved=False tokens=1023176 | prism resolved=True tokens=885260 prism_calls=6 [FLAGGED]
[2026-09-26 06:36:00] -- apache__commons-lang__pr1733 (java) --
[2026-09-26 06:38:02]    native resolved=True tokens=436049 | prism resolved=True tokens=408736 prism_calls=2
[2026-09-26 06:38:02] -- pallets__click__pr3653 (python) --
[2026-09-26 06:42:40]    native resolved=True tokens=1670509 | prism resolved=True tokens=675488 prism_calls=3 [FLAGGED]
[2026-09-26 06:42:40] -- apache__commons-lang__pr1703 (java) --
[2026-09-26 06:45:40]    native resolved=False tokens=306375 | prism resolved=True tokens=385764 prism_calls=1 [FLAGGED]
[2026-09-26 06:45:40] -- pallets__click__pr3504 (python) --
[2026-09-26 06:47:08]    native resolved=False tokens=478550 | prism resolved=False tokens=476407 prism_calls=1
[2026-09-26 06:47:08] -- FasterXML__jackson-databind__pr6061 (java) --
[2026-09-26 06:55:49]    native resolved=False tokens=726918 | prism resolved=False tokens=744755 prism_calls=7
[2026-09-26 06:55:49] -- apache__commons-lang__pr1591 (java) --
[2026-09-26 07:04:08]    native resolved=True tokens=732932 | prism resolved=True tokens=483411 prism_calls=1 [FLAGGED]
[2026-09-26 07:04:08] -- apache__commons-lang__pr1655 (java) --
[2026-09-26 07:06:23]    native resolved=False tokens=383556 | prism resolved=False tokens=197115 prism_calls=2 [FLAGGED]
[2026-09-26 07:06:23] -- apache__commons-lang__pr1709 (java) --
[2026-09-26 07:10:51]    native resolved=True tokens=562847 | prism resolved=True tokens=802132 prism_calls=6
[2026-09-26 07:10:51] -- FasterXML__jackson-databind__pr6044 (java) --
[2026-09-26 07:34:09]    native resolved=False tokens=6849348 | prism resolved=False tokens=6128024 prism_calls=11
[2026-09-26 07:34:09] -- apache__commons-lang__pr1750 (java) --
[2026-09-26 07:37:27]    native resolved=True tokens=333949 | prism resolved=True tokens=838405 prism_calls=1 [FLAGGED]
[2026-09-26 07:37:27] -- FasterXML__jackson-databind__pr6018 (java) --
[2026-09-26 07:44:43]    native resolved=False tokens=1064873 | prism resolved=False tokens=998261 prism_calls=4
[2026-09-26 07:44:43] -- pallets__click__pr3678 (python) --
[2026-09-26 07:48:28]    native resolved=False tokens=670940 | prism resolved=False tokens=993171 prism_calls=7
[2026-09-26 07:48:28] -- akheron__jansson__pr741 (c) --
[2026-09-26 07:53:45]    native resolved=True tokens=1570895 | prism resolved=True tokens=2088906 prism_calls=2
[2026-09-26 07:53:45] -- pallets__click__pr3473 (python) --
[2026-09-26 07:57:42]    native resolved=False tokens=2198520 | prism resolved=False tokens=578555 prism_calls=3 [FLAGGED]
[2026-09-26 07:57:42] -- akheron__jansson__pr731 (c) --
[2026-09-26 08:03:07]    native resolved=True tokens=1078529 | prism resolved=True tokens=2146599 prism_calls=7 [FLAGGED]
[2026-09-26 08:03:07] -- FasterXML__jackson-databind__pr6008 (java) --
[2026-09-26 08:12:23]    native resolved=True tokens=2038476 | prism resolved=True tokens=793104 prism_calls=3 [FLAGGED]
[2026-09-26 08:12:23] -- FasterXML__jackson-databind__pr6076 (java) --
[2026-09-26 08:38:58]    native resolved=False tokens=7938956 | prism resolved=False tokens=7609783 prism_calls=3
[2026-09-26 08:38:58] DONE: 50/50 tasks, 17 flagged (0 non-adoption, 17 real)
