# 12 tasks x prism_passthru x local
  local   prism_passthru Textualize__rich__pr3882 t1 resolved=False turns=40 wall=237.1s
  local   prism_passthru Textualize__rich__pr3882 t2 resolved=True turns=36 wall=216.0s
  [docker_eval] no tests collected; container tail:
    [notice] A new release of pip is available: 25.0.1 -> 26.2
    [notice] To update, run: pip install --upgrade pip
  local   prism_passthru pallets__click__pr3434   t1 resolved=False turns=38 wall=292.0s
  [docker_eval] no tests collected; container tail:
    [notice] A new release of pip is available: 25.0.1 -> 26.2
    [notice] To update, run: pip install --upgrade pip
  local   prism_passthru pallets__click__pr3434   t2 resolved=False turns=22 wall=243.4s
  local   prism_passthru pallets__click__pr3466   t1 resolved=False turns=20 wall=305.1s
  local   prism_passthru pallets__click__pr3466   t2 resolved=False turns=22 wall=186.5s
  local   prism_passthru pallets__click__pr3471   t1 resolved=False turns=58 wall=416.5s
  local   prism_passthru pallets__click__pr3471   t2 resolved=False turns=30 wall=199.4s
  local   prism_passthru pallets__click__pr3473   t1 resolved=False turns=41 wall=252.3s
  local   prism_passthru pallets__click__pr3473   t2 resolved=False turns=46 wall=215.2s
  local   prism_passthru pallets__click__pr3482   t1 resolved=False turns=48 wall=428.9s
  local   prism_passthru pallets__click__pr3482   t2 resolved=False turns=37 wall=335.5s
  (cached) pallets__click__pr3493.local.prism_passthru.json
  local   prism_passthru pallets__click__pr3493   t2 resolved=True turns=24 wall=137.5s
  local   prism_passthru pallets__click__pr3504   t1 resolved=False turns=58 wall=978.9s
  local   prism_passthru pallets__click__pr3504   t2 resolved=False turns=49 wall=429.9s
  local   prism_passthru pallets__click__pr3534   t1 resolved=False turns=29 wall=212.2s
  local   prism_passthru pallets__click__pr3534   t2 resolved=False turns=36 wall=272.2s
  local   prism_passthru pallets__click__pr3653   t1 resolved=False turns=27 wall=444.6s
  local   prism_passthru pallets__click__pr3653   t2 resolved=False turns=52 wall=1051.2s
  local   prism_passthru pallets__click__pr3678   t1 resolved=False turns=42 wall=352.0s
  local   prism_passthru pallets__click__pr3678   t2 resolved=False turns=39 wall=270.7s
  local   prism_passthru psf__requests__pr7315    t1 resolved=False turns=20 wall=190.2s
  local   prism_passthru psf__requests__pr7315    t2 resolved=False turns=27 wall=194.3s
# done
