[2026-09-28 17:03:15] starting: 32 tasks, 0 already done
[2026-09-28 17:03:15] -- wide__chi__Routes_Match (go) --
[2026-09-28 17:06:00]    native resolved=True tokens=84472 | prism resolved=True tokens=104005 prism_calls=2
[2026-09-28 17:06:00] -- wide__click__Command_invoke (python) --
[2026-09-28 17:07:25]    native resolved=True tokens=343338 | prism resolved=True tokens=212670 prism_calls=2 [FLAGGED]
[2026-09-28 17:07:25] -- wide__h3__EventStream_push (ts) --
[2026-09-28 17:08:45]    native resolved=False tokens=139599 | prism resolved=False tokens=213037 prism_calls=2 [FLAGGED]
[2026-09-28 17:08:45] -- wide__werkzeug__HTTPException_get_headers (python) --
[2026-09-28 17:09:42]    native resolved=True tokens=127257 | prism resolved=True tokens=175940 prism_calls=1
[2026-09-28 17:09:42] -- wide__click__ClickException_format_message (python) --
[2026-09-28 17:10:43]    native resolved=True tokens=146807 | prism resolved=True tokens=196877 prism_calls=1
[2026-09-28 17:10:43] -- wide__rich__Highlighter_highlight (python) --
[2026-09-28 17:12:03]    native resolved=True tokens=170084 | prism resolved=True tokens=272964 prism_calls=3 [FLAGGED]
[2026-09-28 17:12:03] -- wide__werkzeug__BaseConverter_to_url (python) --
[2026-09-28 17:13:11]    native resolved=True tokens=129624 | prism resolved=True tokens=177255 prism_calls=1
[2026-09-28 17:13:11] -- wide__jackson-databind__TypeDeserializer_getTypeInclusion (java) --
[2026-09-28 17:22:00]    native resolved=True tokens=270091 | prism resolved=True tokens=276431 prism_calls=1
[2026-09-28 17:22:00] -- wide__gin__ResponseWriter_Status (go) --
[2026-09-28 17:23:05]    native resolved=True tokens=107895 | prism resolved=True tokens=210057 prism_calls=2 [FLAGGED]
[2026-09-28 17:23:05] -- wide__h3__H3Route_handler (ts) --
[2026-09-28 17:24:32]    native resolved=True tokens=222077 | prism resolved=True tokens=331175 prism_calls=2
[2026-09-28 17:24:32] -- wide__click__Group_get_command (python) --
[2026-09-28 17:25:41]    native resolved=True tokens=131116 | prism resolved=True tokens=238704 prism_calls=2 [FLAGGED]
[2026-09-28 17:25:41] -- wide__hono__SetHeadersOptions_append (ts) --
[2026-09-28 17:27:33]    native resolved=True tokens=173251 | prism resolved=True tokens=158224 prism_calls=1
[2026-09-28 17:27:33] -- wide__echo__HTTPStatusCoder_StatusCode (go) --
[2026-09-28 17:28:37]    native resolved=True tokens=128106 | prism resolved=True tokens=180498 prism_calls=1
[2026-09-28 17:28:37] -- wide__rich__ProgressColumn_render (python) --
[2026-09-28 17:29:59]    native resolved=True tokens=189353 | prism resolved=True tokens=438503 prism_calls=2 [FLAGGED]
[2026-09-28 17:29:59] -- wide__hono__Hono_basePath (ts) --
[2026-09-28 17:32:06]    native resolved=False tokens=170404 | prism resolved=False tokens=266084 prism_calls=2 [FLAGGED]
[2026-09-28 17:32:06] -- wide__werkzeug__Response_get_data (python) --
[2026-09-28 17:44:29]    native resolved=True tokens=140387 | prism resolved=True tokens=187187 prism_calls=1
[2026-09-28 17:44:29] -- wide__hono__ConnInfo_remote (ts) --
[2026-09-28 17:46:25]    native resolved=False tokens=208549 | prism resolved=True tokens=230988 prism_calls=2 [FLAGGED]
[2026-09-28 17:46:25] -- wide__jackson-databind__TypeDeserializer_forProperty (java) --
