[2026-09-26 13:58:50] starting: 71 tasks, 0 already done
[2026-09-26 13:58:50] -- urfave__cli__pr2296 (go) --
[2026-09-26 14:00:54]    native resolved=True tokens=411339 | prism resolved=True tokens=332648 prism_calls=1
[2026-09-26 14:00:54] -- urfave__cli__pr2309 (go) --
[2026-09-26 14:03:01]    native resolved=True tokens=475673 | prism resolved=True tokens=987044 prism_calls=3 [FLAGGED]
[2026-09-26 14:03:01] -- urfave__cli__pr2290 (go) --
[2026-09-26 14:05:52]    native resolved=True tokens=1167855 | prism resolved=True tokens=366478 prism_calls=3 [FLAGGED]
[2026-09-26 14:05:52] -- urfave__cli__pr2419 (go) --
[2026-09-26 14:07:30]    native resolved=False tokens=300228 | prism resolved=False tokens=245368 prism_calls=1
[2026-09-26 14:07:30] -- urfave__cli__pr2297 (go) --
[2026-09-26 14:09:06]    native resolved=True tokens=375346 | prism resolved=True tokens=424144 prism_calls=1
[2026-09-26 14:09:06] -- google__gson__pr3067 (java) --
[2026-09-26 14:11:54]    native resolved=True tokens=276987 | prism resolved=True tokens=265282 prism_calls=2
[2026-09-26 14:11:54] -- urfave__cli__pr2311 (go) --
[2026-09-26 14:12:42]    native resolved=False tokens=242072 | prism resolved=False tokens=148435 prism_calls=1 [FLAGGED]
[2026-09-26 14:12:42] -- apache__dubbo__pr16350 (java) --
[2026-09-26 14:18:48]    native resolved=True tokens=248670 | prism resolved=True tokens=184573 prism_calls=1
[2026-09-26 14:18:48] -- apache__dubbo__pr16348 (java) --
[2026-09-26 14:25:27]    native resolved=True tokens=249010 | prism resolved=True tokens=265979 prism_calls=3
[2026-09-26 14:25:27] -- colinhacks__zod__pr6439 (ts) --
[2026-09-26 14:28:43]    native resolved=True tokens=595841 | prism resolved=True tokens=988114 prism_calls=0 [FLAGGED]
[2026-09-26 14:28:43] -- go-chi__chi__pr1085 (go) --
[2026-09-26 14:30:12]    native resolved=True tokens=168571 | prism resolved=True tokens=147401 prism_calls=1
[2026-09-26 14:30:12] -- labstack__echo__pr3006 (go) --
[2026-09-26 14:35:07]    native resolved=True tokens=756951 | prism resolved=True tokens=1496850 prism_calls=3 [FLAGGED]
[2026-09-26 14:35:07] -- colinhacks__zod__pr6298 (ts) --
[2026-09-26 14:37:09]    native resolved=True tokens=410290 | prism resolved=True tokens=430786 prism_calls=1
[2026-09-26 14:37:09] -- honojs__hono__pr5373 (ts) --
[2026-09-26 14:40:58]    native resolved=True tokens=789475 | prism resolved=True tokens=778292 prism_calls=1
[2026-09-26 14:40:58] -- FasterXML__jackson-dataformat-xml__pr825 (java) --
[2026-09-26 14:50:24]    native resolved=True tokens=1924427 | prism resolved=True tokens=2432120 prism_calls=3
[2026-09-26 14:50:24] -- urfave__cli__pr2440 (go) --
[2026-09-26 14:52:57]    native resolved=True tokens=928562 | prism resolved=True tokens=395366 prism_calls=3 [FLAGGED]
[2026-09-26 14:52:57] -- FasterXML__jackson-databind__pr5977 (java) --
[2026-09-26 15:10:05]    native resolved=True tokens=2214149 | prism resolved=False tokens=1418293 prism_calls=5 [FLAGGED]
[2026-09-26 15:10:05] -- colinhacks__zod__pr6129 (ts) --
[2026-09-26 15:13:48]    native resolved=True tokens=1301678 | prism resolved=False tokens=961304 prism_calls=0 [FLAGGED]
[2026-09-26 15:13:48] -- FasterXML__jackson-databind__pr6186 (java) --
[2026-09-26 15:16:34]    native resolved=True tokens=425851 | prism resolved=True tokens=228626 prism_calls=1 [FLAGGED]
[2026-09-26 15:16:34] -- honojs__hono__pr5366 (ts) --
[2026-09-26 15:19:16]    native resolved=True tokens=535473 | prism resolved=True tokens=632267 prism_calls=1
[2026-09-26 15:19:16] -- go-chi__chi__pr1029 (go) --
[2026-09-26 15:21:33]    native resolved=True tokens=601267 | prism resolved=True tokens=316431 prism_calls=2 [FLAGGED]
[2026-09-26 15:21:33] -- h3js__h3__pr1273 (ts) --
[2026-09-26 15:33:35]    native resolved=False tokens=2913343 | prism resolved=False tokens=2044477 prism_calls=7
[2026-09-26 15:33:35] -- apache__dubbo__pr16391 (java) --
[2026-09-26 15:51:58]    native resolved=True tokens=714119 | prism resolved=True tokens=1604757 prism_calls=4 [FLAGGED]
[2026-09-26 15:51:58] -- go-chi__chi__pr1158 (go) --
[2026-09-26 15:56:43]    native resolved=False tokens=623850 | prism resolved=True tokens=555297 prism_calls=1 [FLAGGED]
[2026-09-26 15:56:43] -- urfave__cli__pr2355 (go) --
[2026-09-26 16:11:56]    native resolved=True tokens=4387627 | prism resolved=True tokens=2418159 prism_calls=5 [FLAGGED]
[2026-09-26 16:11:56] -- h3js__h3__pr1314 (ts) --
[2026-09-26 16:13:49]    native resolved=False tokens=487106 | prism resolved=True tokens=413911 prism_calls=5 [FLAGGED]
[2026-09-26 16:13:49] -- FasterXML__jackson-dataformat-xml__pr827 (java) --
[2026-09-26 16:39:02]    native resolved=True tokens=3695994 | prism resolved=False tokens=5447715 prism_calls=3 [FLAGGED]
[2026-09-26 16:39:02] -- FasterXML__jackson-databind__pr5964 (java) --
[2026-09-26 16:46:06]    native resolved=True tokens=710002 | prism resolved=True tokens=672210 prism_calls=5
[2026-09-26 16:46:06] -- FasterXML__jackson-databind__pr6155 (java) --
[2026-09-26 16:49:04]    native resolved=True tokens=286148 | prism resolved=True tokens=234847 prism_calls=1
[2026-09-26 16:49:04] -- FasterXML__jackson-databind__pr6138 (java) --
[2026-09-26 16:52:02]    native resolved=True tokens=431436 | prism resolved=True tokens=322207 prism_calls=1
[2026-09-26 16:52:02] -- honojs__hono__pr5164 (ts) --
[2026-09-26 16:55:46]    native resolved=True tokens=444543 | prism resolved=True tokens=743861 prism_calls=1 [FLAGGED]
[2026-09-26 16:55:46] -- colinhacks__zod__pr6144 (ts) --
[2026-09-26 16:58:32]    native resolved=True tokens=576815 | prism resolved=True tokens=634566 prism_calls=2
[2026-09-26 16:58:32] -- honojs__hono__pr5199 (ts) --
[2026-09-26 17:03:27]    native resolved=True tokens=691045 | prism resolved=True tokens=445286 prism_calls=2 [FLAGGED]
[2026-09-26 17:03:27] -- google__gson__pr3116 (java) --
[2026-09-26 17:10:32]    native resolved=False tokens=1012148 | prism resolved=False tokens=1094968 prism_calls=5
[2026-09-26 17:10:32] -- FasterXML__jackson-databind__pr5959 (java) --
[2026-09-26 17:26:10]    native resolved=False tokens=2356421 | prism resolved=False tokens=3551520 prism_calls=11 [FLAGGED]
[2026-09-26 17:26:10] -- FasterXML__jackson-databind__pr5943 (java) --
[2026-09-26 17:34:17]    native resolved=True tokens=1406900 | prism resolved=True tokens=2372143 prism_calls=3 [FLAGGED]
[2026-09-26 17:34:17] -- google__gson__pr3112 (java) --
[2026-09-26 17:36:14]    native resolved=False tokens=472316 | prism resolved=False tokens=448230 prism_calls=1
[2026-09-26 17:36:14] -- FasterXML__jackson-databind__pr5994 (java) --
[2026-09-26 17:46:19]    native resolved=False tokens=472335 | prism resolved=False tokens=1893684 prism_calls=2 [FLAGGED]
[2026-09-26 17:46:19] -- apache__dubbo__pr16395 (java) --
[2026-09-26 18:03:08]    native resolved=False tokens=871461 | prism resolved=False tokens=1317844 prism_calls=5 [FLAGGED]
[2026-09-26 18:03:08] -- honojs__hono__pr5311 (ts) --
[2026-09-26 18:06:00]    native resolved=True tokens=569238 | prism resolved=True tokens=455461 prism_calls=3
[2026-09-26 18:06:00] -- urllib3__urllib3__pr5020 (python) --
[2026-09-26 18:14:39]    native resolved=False tokens=2169907 | prism resolved=False tokens=2521139 prism_calls=6
[2026-09-26 18:14:39] -- go-chi__chi__pr1148 (go) --
[2026-09-26 18:24:10]    native resolved=False tokens=1839672 | prism resolved=False tokens=1343028 prism_calls=10
[2026-09-26 18:24:10] -- google__gson__pr3000 (java) --
[2026-09-26 18:26:21]    native resolved=True tokens=936464 | prism resolved=True tokens=316217 prism_calls=1 [FLAGGED]
[2026-09-26 18:26:21] -- FasterXML__jackson-databind__pr5976 (java) --
